Archive member included to satisfy reference by file (symbol)

c:/ac6/systemworkbench/plugins/fr.ac6.mcu.externaltools.arm-none.win32_1.17.0.201812190825/tools/compiler/bin/../lib/gcc/arm-none-eabi/7.3.1/thumb/v7e-m/fpv4-sp/hard\libgcc.a(_aeabi_uldivmod.o)
                              Drivers/STM32F4xx_HAL_Driver/Src/stm32f4xx_hal_rcc.o (__aeabi_uldivmod)
c:/ac6/systemworkbench/plugins/fr.ac6.mcu.externaltools.arm-none.win32_1.17.0.201812190825/tools/compiler/bin/../lib/gcc/arm-none-eabi/7.3.1/thumb/v7e-m/fpv4-sp/hard\libgcc.a(_udivmoddi4.o)
                              c:/ac6/systemworkbench/plugins/fr.ac6.mcu.externaltools.arm-none.win32_1.17.0.201812190825/tools/compiler/bin/../lib/gcc/arm-none-eabi/7.3.1/thumb/v7e-m/fpv4-sp/hard\libgcc.a(_aeabi_uldivmod.o) (__udivmoddi4)
c:/ac6/systemworkbench/plugins/fr.ac6.mcu.externaltools.arm-none.win32_1.17.0.201812190825/tools/compiler/bin/../lib/gcc/arm-none-eabi/7.3.1/thumb/v7e-m/fpv4-sp/hard\libgcc.a(_dvmd_tls.o)
                              c:/ac6/systemworkbench/plugins/fr.ac6.mcu.externaltools.arm-none.win32_1.17.0.201812190825/tools/compiler/bin/../lib/gcc/arm-none-eabi/7.3.1/thumb/v7e-m/fpv4-sp/hard\libgcc.a(_aeabi_uldivmod.o) (__aeabi_ldiv0)
c:/ac6/systemworkbench/plugins/fr.ac6.mcu.externaltools.arm-none.win32_1.17.0.201812190825/tools/compiler/bin/../lib/gcc/arm-none-eabi/7.3.1/../../../../arm-none-eabi/lib/thumb/v7e-m/fpv4-sp/hard\libc_nano.a(lib_a-errno.o)
                              Src/syscalls.o (__errno)
c:/ac6/systemworkbench/plugins/fr.ac6.mcu.externaltools.arm-none.win32_1.17.0.201812190825/tools/compiler/bin/../lib/gcc/arm-none-eabi/7.3.1/../../../../arm-none-eabi/lib/thumb/v7e-m/fpv4-sp/hard\libc_nano.a(lib_a-exit.o)
                              c:/ac6/systemworkbench/plugins/fr.ac6.mcu.externaltools.arm-none.win32_1.17.0.201812190825/tools/compiler/bin/../lib/gcc/arm-none-eabi/7.3.1/../../../../arm-none-eabi/lib/thumb/v7e-m/fpv4-sp/hard/crt0.o (exit)
c:/ac6/systemworkbench/plugins/fr.ac6.mcu.externaltools.arm-none.win32_1.17.0.201812190825/tools/compiler/bin/../lib/gcc/arm-none-eabi/7.3.1/../../../../arm-none-eabi/lib/thumb/v7e-m/fpv4-sp/hard\libc_nano.a(lib_a-impure.o)
                              c:/ac6/systemworkbench/plugins/fr.ac6.mcu.externaltools.arm-none.win32_1.17.0.201812190825/tools/compiler/bin/../lib/gcc/arm-none-eabi/7.3.1/../../../../arm-none-eabi/lib/thumb/v7e-m/fpv4-sp/hard\libc_nano.a(lib_a-exit.o) (_global_impure_ptr)
c:/ac6/systemworkbench/plugins/fr.ac6.mcu.externaltools.arm-none.win32_1.17.0.201812190825/tools/compiler/bin/../lib/gcc/arm-none-eabi/7.3.1/../../../../arm-none-eabi/lib/thumb/v7e-m/fpv4-sp/hard\libc_nano.a(lib_a-init.o)
                              c:/ac6/systemworkbench/plugins/fr.ac6.mcu.externaltools.arm-none.win32_1.17.0.201812190825/tools/compiler/bin/../lib/gcc/arm-none-eabi/7.3.1/../../../../arm-none-eabi/lib/thumb/v7e-m/fpv4-sp/hard/crt0.o (__libc_init_array)
c:/ac6/systemworkbench/plugins/fr.ac6.mcu.externaltools.arm-none.win32_1.17.0.201812190825/tools/compiler/bin/../lib/gcc/arm-none-eabi/7.3.1/../../../../arm-none-eabi/lib/thumb/v7e-m/fpv4-sp/hard\libc_nano.a(lib_a-malloc.o)
                              Middlewares/ST/STM32_USB_Device_Library/Class/MSC/Src/usbd_msc.o (malloc)
c:/ac6/systemworkbench/plugins/fr.ac6.mcu.externaltools.arm-none.win32_1.17.0.201812190825/tools/compiler/bin/../lib/gcc/arm-none-eabi/7.3.1/../../../../arm-none-eabi/lib/thumb/v7e-m/fpv4-sp/hard\libc_nano.a(lib_a-memset.o)
                              c:/ac6/systemworkbench/plugins/fr.ac6.mcu.externaltools.arm-none.win32_1.17.0.201812190825/tools/compiler/bin/../lib/gcc/arm-none-eabi/7.3.1/../../../../arm-none-eabi/lib/thumb/v7e-m/fpv4-sp/hard/crt0.o (memset)
c:/ac6/systemworkbench/plugins/fr.ac6.mcu.externaltools.arm-none.win32_1.17.0.201812190825/tools/compiler/bin/../lib/gcc/arm-none-eabi/7.3.1/../../../../arm-none-eabi/lib/thumb/v7e-m/fpv4-sp/hard\libc_nano.a(lib_a-nano-freer.o)
                              c:/ac6/systemworkbench/plugins/fr.ac6.mcu.externaltools.arm-none.win32_1.17.0.201812190825/tools/compiler/bin/../lib/gcc/arm-none-eabi/7.3.1/../../../../arm-none-eabi/lib/thumb/v7e-m/fpv4-sp/hard\libc_nano.a(lib_a-malloc.o) (_free_r)
c:/ac6/systemworkbench/plugins/fr.ac6.mcu.externaltools.arm-none.win32_1.17.0.201812190825/tools/compiler/bin/../lib/gcc/arm-none-eabi/7.3.1/../../../../arm-none-eabi/lib/thumb/v7e-m/fpv4-sp/hard\libc_nano.a(lib_a-nano-mallocr.o)
                              c:/ac6/systemworkbench/plugins/fr.ac6.mcu.externaltools.arm-none.win32_1.17.0.201812190825/tools/compiler/bin/../lib/gcc/arm-none-eabi/7.3.1/../../../../arm-none-eabi/lib/thumb/v7e-m/fpv4-sp/hard\libc_nano.a(lib_a-malloc.o) (_malloc_r)
c:/ac6/systemworkbench/plugins/fr.ac6.mcu.externaltools.arm-none.win32_1.17.0.201812190825/tools/compiler/bin/../lib/gcc/arm-none-eabi/7.3.1/../../../../arm-none-eabi/lib/thumb/v7e-m/fpv4-sp/hard\libc_nano.a(lib_a-sbrkr.o)
[...]
Memory Configuration

Name             Origin             Length             Attributes
RAM              0x20000000         0x00020000         xrw
CCMRAM           0x10000000         0x00010000         xrw
FLASH            0x08000000         0x00100000         xr
*default*        0x00000000         0xffffffff

Linker script and memory map

LOAD c:/ac6/systemworkbench/plugins/fr.ac6.mcu.externaltools.arm-none.win32_1.17.0.201812190825/tools/compiler/bin/../lib/gcc/arm-none-eabi/7.3.1/thumb/v7e-m/fpv4-sp/hard/crti.o
LOAD c:/ac6/systemworkbench/plugins/fr.ac6.mcu.externaltools.arm-none.win32_1.17.0.201812190825/tools/compiler/bin/../lib/gcc/arm-none-eabi/7.3.1/thumb/v7e-m/fpv4-sp/hard/crtbegin.o
LOAD c:/ac6/systemworkbench/plugins/fr.ac6.mcu.externaltools.arm-none.win32_1.17.0.201812190825/tools/compiler/bin/../lib/gcc/arm-none-eabi/7.3.1/../../../../arm-none-eabi/lib/thumb/v7e-m/fpv4-sp/hard/crt0.o
LOAD Drivers/STM32F4xx_HAL_Driver/Src/stm32f4xx_hal.o
LOAD Drivers/STM32F4xx_HAL_Driver/Src/stm32f4xx_hal_cortex.o
LOAD Drivers/STM32F4xx_HAL_Driver/Src/stm32f4xx_hal_dma.o
LOAD Drivers/STM32F4xx_HAL_Driver/Src/stm32f4xx_hal_dma_ex.o
LOAD Drivers/STM32F4xx_HAL_Driver/Src/stm32f4xx_hal_exti.o
LOAD Drivers/STM32F4xx_HAL_Driver/Src/stm32f4xx_hal_flash.o
LOAD Drivers/STM32F4xx_HAL_Driver/Src/stm32f4xx_hal_flash_ex.o
LOAD Drivers/STM32F4xx_HAL_Driver/Src/stm32f4xx_hal_flash_ramfunc.o
LOAD Drivers/STM32F4xx_HAL_Driver/Src/stm32f4xx_hal_gpio.o
LOAD Drivers/STM32F4xx_HAL_Driver/Src/stm32f4xx_hal_pcd.o
LOAD Drivers/STM32F4xx_HAL_Driver/Src/stm32f4xx_hal_pcd_ex.o
LOAD Drivers/STM32F4xx_HAL_Driver/Src/stm32f4xx_hal_pwr.o
LOAD Drivers/STM32F4xx_HAL_Driver/Src/stm32f4xx_hal_pwr_ex.o
LOAD Drivers/STM32F4xx_HAL_Driver/Src/stm32f4xx_hal_rcc.o
LOAD Drivers/STM32F4xx_HAL_Driver/Src/stm32f4xx_hal_rcc_ex.o
LOAD Drivers/STM32F4xx_HAL_Driver/Src/stm32f4xx_hal_tim.o
LOAD Drivers/STM32F4xx_HAL_Driver/Src/stm32f4xx_hal_tim_ex.o
LOAD Drivers/STM32F4xx_HAL_Driver/Src/stm32f4xx_hal_uart.o
LOAD Drivers/STM32F4xx_HAL_Driver/Src/stm32f4xx_ll_usb.o
LOAD Middlewares/ST/STM32_USB_Device_Library/Class/MSC/Src/usbd_msc.o
LOAD Middlewares/ST/STM32_USB_Device_Library/Class/MSC/Src/usbd_msc_bot.o
LOAD Middlewares/ST/STM32_USB_Device_Library/Class/MSC/Src/usbd_msc_data.o
LOAD Middlewares/ST/STM32_USB_Device_Library/Class/MSC/Src/usbd_msc_scsi.o
LOAD Middlewares/ST/STM32_USB_Device_Library/Core/Src/usbd_core.o
LOAD Middlewares/ST/STM32_USB_Device_Library/Core/Src/usbd_ctlreq.o
LOAD Middlewares/ST/STM32_USB_Device_Library/Core/Src/usbd_ioreq.o
LOAD Middlewares/Third_Party/FatFs/src/diskio.o
LOAD Middlewares/Third_Party/FatFs/src/ff.o
LOAD Middlewares/Third_Party/FatFs/src/ff_gen_drv.o
LOAD Middlewares/Third_Party/FatFs/src/option/syscall.o
LOAD Src/fatfs.o
LOAD Src/main.o
LOAD Src/stm32f4xx_hal_msp.o
LOAD Src/stm32f4xx_it.o
LOAD Src/syscalls.o
LOAD Src/system_stm32f4xx.o
LOAD Src/usb_device.o
LOAD Src/usbd_conf.o
LOAD Src/usbd_desc.o
LOAD Src/usbd_storage_if.o
LOAD Src/user_diskio.o
LOAD startup/startup_stm32f407xx.o
LOAD c:/ac6/systemworkbench/plugins/fr.ac6.mcu.externaltools.arm-none.win32_1.17.0.201812190825/tools/compiler/bin/../lib/gcc/arm-none-eabi/7.3.1/../../../../arm-none-eabi/lib/thumb/v7e-m/fpv4-sp/hard\libm.a
START GROUP
LOAD c:/ac6/systemworkbench/plugins/fr.ac6.mcu.externaltools.arm-none.win32_1.17.0.201812190825/tools/compiler/bin/../lib/gcc/arm-none-eabi/7.3.1/thumb/v7e-m/fpv4-sp/hard\libgcc.a
LOAD c:/ac6/systemworkbench/plugins/fr.ac6.mcu.externaltools.arm-none.win32_1.17.0.201812190825/tools/compiler/bin/../lib/gcc/arm-none-eabi/7.3.1/../../../../arm-none-eabi/lib/thumb/v7e-m/fpv4-sp/hard\libc_nano.a
END GROUP
START GROUP
LOAD c:/ac6/systemworkbench/plugins/fr.ac6.mcu.externaltools.arm-none.win32_1.17.0.201812190825/tools/compiler/bin/../lib/gcc/arm-none-eabi/7.3.1/thumb/v7e-m/fpv4-sp/hard\libgcc.a
LOAD c:/ac6/systemworkbench/plugins/fr.ac6.mcu.externaltools.arm-none.win32_1.17.0.201812190825/tools/compiler/bin/../lib/gcc/arm-none-eabi/7.3.1/../../../../arm-none-eabi/lib/thumb/v7e-m/fpv4-sp/hard\libc_nano.a
LOAD c:/ac6/systemworkbench/plugins/fr.ac6.mcu.externaltools.arm-none.win32_1.17.0.201812190825/tools/compiler/bin/../lib/gcc/arm-none-eabi/7.3.1/../../../../arm-none-eabi/lib/thumb/v7e-m/fpv4-sp/hard\libnosys.a
END GROUP
START GROUP
LOAD c:/ac6/systemworkbench/plugins/fr.ac6.mcu.externaltools.arm-none.win32_1.17.0.201812190825/tools/compiler/bin/../lib/gcc/arm-none-eabi/7.3.1/thumb/v7e-m/fpv4-sp/hard\libgcc.a
LOAD c:/ac6/systemworkbench/plugins/fr.ac6.mcu.externaltools.arm-none.win32_1.17.0.201812190825/tools/compiler/bin/../lib/gcc/arm-none-eabi/7.3.1/../../../../arm-none-eabi/lib/thumb/v7e-m/fpv4-sp/hard\libc_nano.a
LOAD c:/ac6/systemworkbench/plugins/fr.ac6.mcu.externaltools.arm-none.win32_1.17.0.201812190825/tools/compiler/bin/../lib/gcc/arm-none-eabi/7.3.1/../../../../arm-none-eabi/lib/thumb/v7e-m/fpv4-sp/hard\libnosys.a
END GROUP
LOAD c:/ac6/systemworkbench/plugins/fr.ac6.mcu.externaltools.arm-none.win32_1.17.0.201812190825/tools/compiler/bin/../lib/gcc/arm-none-eabi/7.3.1/thumb/v7e-m/fpv4-sp/hard/crtend.o
LOAD c:/ac6/systemworkbench/plugins/fr.ac6.mcu.externaltools.arm-none.win32_1.17.0.201812190825/tools/compiler/bin/../lib/gcc/arm-none-eabi/7.3.1/thumb/v7e-m/fpv4-sp/hard/crtn.o
                0x20020000                _estack = 0x20020000
                0x00000400                _Min_Heap_Size = 0x400
                0x00000800                _Min_Stack_Size = 0x800

.isr_vector     0x08000000      0x188
                0x08000000                . = ALIGN (0x4)
 *(.isr_vector)
 .isr_vector    0x08000000      0x188 startup/startup_stm32f407xx.o
                0x08000000                g_pfnVectors
                0x08000188                . = ALIGN (0x4)

.text           0x08000190     0x6dc4
                0x08000190                . = ALIGN (0x4)
 *(.text)
 .text          0x08000190       0x40 c:/ac6/systemworkbench/plugins/fr.ac6.mcu.externaltools.arm-none.win32_1.17.0.201812190825/tools/compiler/bin/../lib/gcc/arm-none-eabi/7.3.1/thumb/v7e-m/fpv4-sp/hard/crtbegin.o
 .text          0x080001d0       0x30 c:/ac6/systemworkbench/plugins/fr.ac6.mcu.externaltools.arm-none.win32_1.17.0.201812190825/tools/compiler/bin/../lib/gcc/arm-none-eabi/7.3.1/thumb/v7e-m/fpv4-sp/hard\libgcc.a(_aeabi_uldivmod.o)
                0x080001d0                __aeabi_uldivmod
 .text          0x08000200      0x2cc c:/ac6/systemworkbench/plugins/fr.ac6.mcu.externaltools.arm-none.win32_1.17.0.201812190825/tools/compiler/bin/../lib/gcc/arm-none-eabi/7.3.1/thumb/v7e-m/fpv4-sp/hard\libgcc.a(_udivmoddi4.o)
                0x08000200                __udivmoddi4
 .text          0x080004cc        0x4 c:/ac6/systemworkbench/plugins/fr.ac6.mcu.externaltools.arm-none.win32_1.17.0.201812190825/tools/compiler/bin/../lib/gcc/arm-none-eabi/7.3.1/thumb/v7e-m/fpv4-sp/hard\libgcc.a(_dvmd_tls.o)
                0x080004cc                __aeabi_idiv0
                0x080004cc                __aeabi_ldiv0
 .text          0x080004d0       0x10 c:/ac6/systemworkbench/plugins/fr.ac6.mcu.externaltools.arm-none.win32_1.17.0.201812190825/tools/compiler/bin/../lib/gcc/arm-none-eabi/7.3.1/../../../../arm-none-eabi/lib/thumb/v7e-m/fpv4-sp/hard\libc_nano.a(lib_a-strlen.o)
                0x080004d0                strlen
 .text          0x080004e0       0xa0 c:/ac6/systemworkbench/plugins/fr.ac6.mcu.externaltools.arm-none.win32_1.17.0.201812190825/tools/compiler/bin/../lib/gcc/arm-none-eabi/7.3.1/../../../../arm-none-eabi/lib/thumb/v7e-m/fpv4-sp/hard\libc_nano.a(lib_a-memchr.o)
                0x080004e0                memchr
 *(.text*)
 .text.HAL_InitTick
                0x08000580       0x48 Drivers/STM32F4xx_HAL_Driver/Src/stm32f4xx_hal.o
                0x08000580                HAL_InitTick
 .text.HAL_Init
                0x080005c8       0x34 Drivers/STM32F4xx_HAL_Driver/Src/stm32f4xx_hal.o
                0x080005c8                HAL_Init
 .text.HAL_IncTick
                0x080005fc       0x18 Drivers/STM32F4xx_HAL_Driver/Src/stm32f4xx_hal.o
                0x080005fc                HAL_IncTick
 .text.HAL_GetTick
                0x08000614        0xc Drivers/STM32F4xx_HAL_Driver/Src/stm32f4xx_hal.o
                0x08000614                HAL_GetTick
 .text.HAL_Delay
                0x08000620       0x28 Drivers/STM32F4xx_HAL_Driver/Src/stm32f4xx_hal.o
                0x08000620                HAL_Delay
 .text.HAL_NVIC_SetPriorityGrouping
                0x08000648       0x24 Drivers/STM32F4xx_HAL_Driver/Src/stm32f4xx_hal_cortex.o
                0x08000648                HAL_NVIC_SetPriorityGrouping
 .text.HAL_NVIC_SetPriority
                0x0800066c       0x68 Drivers/STM32F4xx_HAL_Driver/Src/stm32f4xx_hal_cortex.o
                0x0800066c                HAL_NVIC_SetPriority
 .text.HAL_NVIC_EnableIRQ
                0x080006d4       0x1c Drivers/STM32F4xx_HAL_Driver/Src/stm32f4xx_hal_cortex.o
                0x080006d4                HAL_NVIC_EnableIRQ
 .text.HAL_SYSTICK_Config
                0x080006f0       0x2c Drivers/STM32F4xx_HAL_Driver/Src/stm32f4xx_hal_cortex.o
                0x080006f0                HAL_SYSTICK_Config
 .text.FLASH_Program_DoubleWord
                0x0800071c       0x30 Drivers/STM32F4xx_HAL_Driver/Src/stm32f4xx_hal_flash.o
 .text.FLASH_Program_Word
                0x0800074c       0x24 Drivers/STM32F4xx_HAL_Driver/Src/stm32f4xx_hal_flash.o
 .text.FLASH_Program_HalfWord
                0x08000770       0x24 Drivers/STM32F4xx_HAL_Driver/Src/stm32f4xx_hal_flash.o
 .text.FLASH_Program_Byte
                0x08000794       0x20 Drivers/STM32F4xx_HAL_Driver/Src/stm32f4xx_hal_flash.o
 .text.FLASH_SetErrorCode
                0x080007b4       0x8c Drivers/STM32F4xx_HAL_Driver/Src/stm32f4xx_hal_flash.o
 .text.HAL_FLASH_Unlock
                0x08000840       0x30 Drivers/STM32F4xx_HAL_Driver/Src/stm32f4xx_hal_flash.o
                0x08000840                HAL_FLASH_Unlock
 .text.FLASH_WaitForLastOperation
                0x08000870       0x64 Drivers/STM32F4xx_HAL_Driver/Src/stm32f4xx_hal_flash.o
                0x08000870                FLASH_WaitForLastOperation
 .text.HAL_FLASH_Program
                0x080008d4       0x80 Drivers/STM32F4xx_HAL_Driver/Src/stm32f4xx_hal_flash.o
                0x080008d4                HAL_FLASH_Program
 .text.FLASH_MassErase
                0x08000954       0x24 Drivers/STM32F4xx_HAL_Driver/Src/stm32f4xx_hal_flash_ex.o
 .text.FLASH_Erase_Sector
                0x08000978       0x58 Drivers/STM32F4xx_HAL_Driver/Src/stm32f4xx_hal_flash_ex.o
                0x08000978                FLASH_Erase_Sector
 .text.FLASH_FlushCaches
                0x080009d0       0x60 Drivers/STM32F4xx_HAL_Driver/Src/stm32f4xx_hal_flash_ex.o
                0x080009d0                FLASH_FlushCaches
 .text.HAL_FLASHEx_Erase
                0x08000a30       0x94 Drivers/STM32F4xx_HAL_Driver/Src/stm32f4xx_hal_flash_ex.o
                0x08000a30                HAL_FLASHEx_Erase
 .text.HAL_GPIO_Init
                0x08000ac4      0x1c8 Drivers/STM32F4xx_HAL_Driver/Src/stm32f4xx_hal_gpio.o
                0x08000ac4                HAL_GPIO_Init
 .text.HAL_GPIO_WritePin
                0x08000c8c        0xc Drivers/STM32F4xx_HAL_Driver/Src/stm32f4xx_hal_gpio.o
                0x08000c8c                HAL_GPIO_WritePin
 .text.PCD_WriteEmptyTxFifo
                0x08000c98       0xd4 Drivers/STM32F4xx_HAL_Driver/Src/stm32f4xx_hal_pcd.o
 .text.HAL_PCD_Init
                0x08000d6c      0x122 Drivers/STM32F4xx_HAL_Driver/Src/stm32f4xx_hal_pcd.o
                0x08000d6c                HAL_PCD_Init
 .text.HAL_PCD_Start
                0x08000e8e       0x42 Drivers/STM32F4xx_HAL_Driver/Src/stm32f4xx_hal_pcd.o
                0x08000e8e                HAL_PCD_Start
 .text.PCD_EP_OutXfrComplete_int
                0x08000ed0      0x100 Drivers/STM32F4xx_HAL_Driver/Src/stm32f4xx_hal_pcd.o
 .text.PCD_EP_OutSetupPacket_int
                0x08000fd0       0x50 Drivers/STM32F4xx_HAL_Driver/Src/stm32f4xx_hal_pcd.o
 .text.HAL_PCD_IRQHandler
                0x08001020      0x4a6 Drivers/STM32F4xx_HAL_Driver/Src/stm32f4xx_hal_pcd.o
                0x08001020                HAL_PCD_IRQHandler
 .text.HAL_PCD_SetAddress
                0x080014c6       0x28 Drivers/STM32F4xx_HAL_Driver/Src/stm32f4xx_hal_pcd.o
                0x080014c6                HAL_PCD_SetAddress
 .text.HAL_PCD_EP_Open
                0x080014ee       0x82 Drivers/STM32F4xx_HAL_Driver/Src/stm32f4xx_hal_pcd.o
                0x080014ee                HAL_PCD_EP_Open
 .text.HAL_PCD_EP_Close
                0x08001570       0x6e Drivers/STM32F4xx_HAL_Driver/Src/stm32f4xx_hal_pcd.o
                0x08001570                HAL_PCD_EP_Close
 .text.HAL_PCD_EP_Receive
                0x080015de       0x5c Drivers/STM32F4xx_HAL_Driver/Src/stm32f4xx_hal_pcd.o
                0x080015de                HAL_PCD_EP_Receive
 .text.HAL_PCD_EP_GetRxCount
                0x0800163a       0x12 Drivers/STM32F4xx_HAL_Driver/Src/stm32f4xx_hal_pcd.o
                0x0800163a                HAL_PCD_EP_GetRxCount
 .text.HAL_PCD_EP_Transmit
                0x0800164c       0x54 Drivers/STM32F4xx_HAL_Driver/Src/stm32f4xx_hal_pcd.o
                0x0800164c                HAL_PCD_EP_Transmit
 .text.HAL_PCD_EP_SetStall
                0x080016a0       0x82 Drivers/STM32F4xx_HAL_Driver/Src/stm32f4xx_hal_pcd.o
                0x080016a0                HAL_PCD_EP_SetStall
 .text.HAL_PCD_EP_ClrStall
                0x08001722       0x6e Drivers/STM32F4xx_HAL_Driver/Src/stm32f4xx_hal_pcd.o
                0x08001722                HAL_PCD_EP_ClrStall
 .text.HAL_PCD_EP_Flush
                0x08001790       0x36 Drivers/STM32F4xx_HAL_Driver/Src/stm32f4xx_hal_pcd.o
                0x08001790                HAL_PCD_EP_Flush
 .text.HAL_PCDEx_SetTxFiFo
                0x080017c6       0x48 Drivers/STM32F4xx_HAL_Driver/Src/stm32f4xx_hal_pcd_ex.o
                0x080017c6                HAL_PCDEx_SetTxFiFo
 .text.HAL_PCDEx_SetRxFiFo
                0x0800180e        0x8 Drivers/STM32F4xx_HAL_Driver/Src/stm32f4xx_hal_pcd_ex.o
                0x0800180e                HAL_PCDEx_SetRxFiFo
 .text.HAL_PCDEx_LPM_Callback
                0x08001816        0x2 Drivers/STM32F4xx_HAL_Driver/Src/stm32f4xx_hal_pcd_ex.o
                0x08001816                HAL_PCDEx_LPM_Callback
 .text.HAL_RCC_OscConfig
                0x08001818      0x3ec Drivers/STM32F4xx_HAL_Driver/Src/stm32f4xx_hal_rcc.o
                0x08001818                HAL_RCC_OscConfig
 .text.HAL_RCC_GetSysClockFreq
                0x08001c04       0xd8 Drivers/STM32F4xx_HAL_Driver/Src/stm32f4xx_hal_rcc.o
                0x08001c04                HAL_RCC_GetSysClockFreq
 .text.HAL_RCC_ClockConfig
                0x08001cdc      0x160 Drivers/STM32F4xx_HAL_Driver/Src/stm32f4xx_hal_rcc.o
                0x08001cdc                HAL_RCC_ClockConfig
 .text.HAL_RCC_GetHCLKFreq
                0x08001e3c        0xc Drivers/STM32F4xx_HAL_Driver/Src/stm32f4xx_hal_rcc.o
                0x08001e3c                HAL_RCC_GetHCLKFreq
 .text.HAL_RCC_GetPCLK1Freq
                0x08001e48       0x20 Drivers/STM32F4xx_HAL_Driver/Src/stm32f4xx_hal_rcc.o
                0x08001e48                HAL_RCC_GetPCLK1Freq
 .text.HAL_RCC_GetPCLK2Freq
                0x08001e68       0x20 Drivers/STM32F4xx_HAL_Driver/Src/stm32f4xx_hal_rcc.o
                0x08001e68                HAL_RCC_GetPCLK2Freq
 .text.UART_SetConfig
                0x08001e88      0x218 Drivers/STM32F4xx_HAL_Driver/Src/stm32f4xx_hal_uart.o
 .text.UART_WaitOnFlagUntilTimeout
                0x080020a0       0x62 Drivers/STM32F4xx_HAL_Driver/Src/stm32f4xx_hal_uart.o
 .text.HAL_UART_Init
                0x08002102       0x5e Drivers/STM32F4xx_HAL_Driver/Src/stm32f4xx_hal_uart.o
                0x08002102                HAL_UART_Init
 .text.HAL_UART_Transmit
                0x08002160       0xe2 Drivers/STM32F4xx_HAL_Driver/Src/stm32f4xx_hal_uart.o
                0x08002160                HAL_UART_Transmit
 *fill*         0x08002242        0x2 
 .text.USB_CoreReset
                0x08002244       0x3c Drivers/STM32F4xx_HAL_Driver/Src/stm32f4xx_ll_usb.o
 .text.USB_CoreInit
                0x08002280       0x8a Drivers/STM32F4xx_HAL_Driver/Src/stm32f4xx_ll_usb.o
                0x08002280                USB_CoreInit
 *fill*         0x0800230a        0x2 
 .text.USB_SetTurnaroundTime
                0x0800230c       0xec Drivers/STM32F4xx_HAL_Driver/Src/stm32f4xx_ll_usb.o
                0x0800230c                USB_SetTurnaroundTime
 .text.USB_EnableGlobalInt
                0x080023f8        0xc Drivers/STM32F4xx_HAL_Driver/Src/stm32f4xx_ll_usb.o
                0x080023f8                USB_EnableGlobalInt
 .text.USB_DisableGlobalInt
                0x08002404        0xc Drivers/STM32F4xx_HAL_Driver/Src/stm32f4xx_ll_usb.o
                0x08002404                USB_DisableGlobalInt
 .text.USB_SetCurrentMode
                0x08002410       0x30 Drivers/STM32F4xx_HAL_Driver/Src/stm32f4xx_ll_usb.o
                0x08002410                USB_SetCurrentMode
 .text.USB_FlushTxFifo
                0x08002440       0x28 Drivers/STM32F4xx_HAL_Driver/Src/stm32f4xx_ll_usb.o
                0x08002440                USB_FlushTxFifo
 .text.USB_FlushRxFifo
                0x08002468       0x24 Drivers/STM32F4xx_HAL_Driver/Src/stm32f4xx_ll_usb.o
                0x08002468                USB_FlushRxFifo
 .text.USB_SetDevSpeed
                0x0800248c        0xe Drivers/STM32F4xx_HAL_Driver/Src/stm32f4xx_ll_usb.o
                0x0800248c                USB_SetDevSpeed
 *fill*         0x0800249a        0x2 
 .text.USB_DevInit
                0x0800249c      0x190 Drivers/STM32F4xx_HAL_Driver/Src/stm32f4xx_ll_usb.o
                0x0800249c                USB_DevInit
 .text.USB_GetDevSpeed
                0x0800262c       0x22 Drivers/STM32F4xx_HAL_Driver/Src/stm32f4xx_ll_usb.o
                0x0800262c                USB_GetDevSpeed
 .text.USB_ActivateEndpoint
                0x0800264e       0x94 Drivers/STM32F4xx_HAL_Driver/Src/stm32f4xx_ll_usb.o
                0x0800264e                USB_ActivateEndpoint
 *fill*         0x080026e2        0x2 
 .text.USB_DeactivateEndpoint
                0x080026e4       0xdc Drivers/STM32F4xx_HAL_Driver/Src/stm32f4xx_ll_usb.o
                0x080026e4                USB_DeactivateEndpoint
 .text.USB_EP0StartXfer
                0x080027c0      0x11c Drivers/STM32F4xx_HAL_Driver/Src/stm32f4xx_ll_usb.o
                0x080027c0                USB_EP0StartXfer
 .text.USB_WritePacket
                0x080028dc       0x28 Drivers/STM32F4xx_HAL_Driver/Src/stm32f4xx_ll_usb.o
                0x080028dc                USB_WritePacket
 .text.USB_EPStartXfer
                0x08002904      0x21c Drivers/STM32F4xx_HAL_Driver/Src/stm32f4xx_ll_usb.o
                0x08002904                USB_EPStartXfer
 .text.USB_ReadPacket
                0x08002b20       0x28 Drivers/STM32F4xx_HAL_Driver/Src/stm32f4xx_ll_usb.o
                0x08002b20                USB_ReadPacket
 .text.USB_EPSetStall
                0x08002b48       0x5a Drivers/STM32F4xx_HAL_Driver/Src/stm32f4xx_ll_usb.o
                0x08002b48                USB_EPSetStall
 .text.USB_EPClearStall
                0x08002ba2       0x5c Drivers/STM32F4xx_HAL_Driver/Src/stm32f4xx_ll_usb.o
                0x08002ba2                USB_EPClearStall
 .text.USB_SetDevAddress
                0x08002bfe       0x20 Drivers/STM32F4xx_HAL_Driver/Src/stm32f4xx_ll_usb.o
                0x08002bfe                USB_SetDevAddress
 .text.USB_DevConnect
                0x08002c1e       0x1c Drivers/STM32F4xx_HAL_Driver/Src/stm32f4xx_ll_usb.o
                0x08002c1e                USB_DevConnect
 .text.USB_DevDisconnect
                0x08002c3a       0x1c Drivers/STM32F4xx_HAL_Driver/Src/stm32f4xx_ll_usb.o
                0x08002c3a                USB_DevDisconnect
 .text.USB_ReadInterrupts
                0x08002c56        0x8 Drivers/STM32F4xx_HAL_Driver/Src/stm32f4xx_ll_usb.o
                0x08002c56                USB_ReadInterrupts
 .text.USB_ReadDevAllOutEpInterrupt
                0x08002c5e       0x10 Drivers/STM32F4xx_HAL_Driver/Src/stm32f4xx_ll_usb.o
                0x08002c5e                USB_ReadDevAllOutEpInterrupt
 .text.USB_ReadDevAllInEpInterrupt
                0x08002c6e       0x10 Drivers/STM32F4xx_HAL_Driver/Src/stm32f4xx_ll_usb.o
                0x08002c6e                USB_ReadDevAllInEpInterrupt
 .text.USB_ReadDevOutEPInterrupt
                0x08002c7e       0x12 Drivers/STM32F4xx_HAL_Driver/Src/stm32f4xx_ll_usb.o
                0x08002c7e                USB_ReadDevOutEPInterrupt
 .text.USB_ReadDevInEPInterrupt
                0x08002c90       0x28 Drivers/STM32F4xx_HAL_Driver/Src/stm32f4xx_ll_usb.o
                0x08002c90                USB_ReadDevInEPInterrupt
 .text.USB_GetMode
                0x08002cb8        0x8 Drivers/STM32F4xx_HAL_Driver/Src/stm32f4xx_ll_usb.o
                0x08002cb8                USB_GetMode
 .text.USB_ActivateSetup
                0x08002cc0       0x20 Drivers/STM32F4xx_HAL_Driver/Src/stm32f4xx_ll_usb.o
                0x08002cc0                USB_ActivateSetup
 .text.USB_EP0_OutStart
                0x08002ce0       0x60 Drivers/STM32F4xx_HAL_Driver/Src/stm32f4xx_ll_usb.o
                0x08002ce0                USB_EP0_OutStart
 .text.USBD_MSC_GetHSCfgDesc
                0x08002d40        0xc Middlewares/ST/STM32_USB_Device_Library/Class/MSC/Src/usbd_msc.o
                0x08002d40                USBD_MSC_GetHSCfgDesc
 .text.USBD_MSC_GetFSCfgDesc
                0x08002d4c        0xc Middlewares/ST/STM32_USB_Device_Library/Class/MSC/Src/usbd_msc.o
                0x08002d4c                USBD_MSC_GetFSCfgDesc
 .text.USBD_MSC_GetOtherSpeedCfgDesc
                0x08002d58        0xc Middlewares/ST/STM32_USB_Device_Library/Class/MSC/Src/usbd_msc.o
                0x08002d58                USBD_MSC_GetOtherSpeedCfgDesc
 .text.USBD_MSC_GetDeviceQualifierDescriptor
                0x08002d64        0xc Middlewares/ST/STM32_USB_Device_Library/Class/MSC/Src/usbd_msc.o
                0x08002d64                USBD_MSC_GetDeviceQualifierDescriptor
 .text.USBD_MSC_Init
                0x08002d70       0x70 Middlewares/ST/STM32_USB_Device_Library/Class/MSC/Src/usbd_msc.o
                0x08002d70                USBD_MSC_Init
 .text.USBD_MSC_DeInit
                0x08002de0       0x32 Middlewares/ST/STM32_USB_Device_Library/Class/MSC/Src/usbd_msc.o
                0x08002de0                USBD_MSC_DeInit
 .text.USBD_MSC_Setup
                0x08002e12      0x126 Middlewares/ST/STM32_USB_Device_Library/Class/MSC/Src/usbd_msc.o
                0x08002e12                USBD_MSC_Setup
 .text.USBD_MSC_DataIn
                0x08002f38        0xa Middlewares/ST/STM32_USB_Device_Library/Class/MSC/Src/usbd_msc.o
                0x08002f38                USBD_MSC_DataIn
 .text.USBD_MSC_DataOut
                0x08002f42        0xa Middlewares/ST/STM32_USB_Device_Library/Class/MSC/Src/usbd_msc.o
                0x08002f42                USBD_MSC_DataOut
 .text.USBD_MSC_RegisterStorage
                0x08002f4c        0xe Middlewares/ST/STM32_USB_Device_Library/Class/MSC/Src/usbd_msc.o
                0x08002f4c                USBD_MSC_RegisterStorage
 .text.MSC_BOT_SendData
                0x08002f5a       0x2e Middlewares/ST/STM32_USB_Device_Library/Class/MSC/Src/usbd_msc_bot.o
 .text.MSC_BOT_Abort
                0x08002f88       0x42 Middlewares/ST/STM32_USB_Device_Library/Class/MSC/Src/usbd_msc_bot.o
 .text.MSC_BOT_Init
                0x08002fca       0x42 Middlewares/ST/STM32_USB_Device_Library/Class/MSC/Src/usbd_msc_bot.o
                0x08002fca                MSC_BOT_Init
 .text.MSC_BOT_Reset
                0x0800300c       0x2e Middlewares/ST/STM32_USB_Device_Library/Class/MSC/Src/usbd_msc_bot.o
                0x0800300c                MSC_BOT_Reset
 .text.MSC_BOT_DeInit
                0x0800303a        0xa Middlewares/ST/STM32_USB_Device_Library/Class/MSC/Src/usbd_msc_bot.o
                0x0800303a                MSC_BOT_DeInit
 .text.MSC_BOT_SendCSW
                0x08003044       0x38 Middlewares/ST/STM32_USB_Device_Library/Class/MSC/Src/usbd_msc_bot.o
                0x08003044                MSC_BOT_SendCSW
 .text.MSC_BOT_DataIn
                0x0800307c       0x36 Middlewares/ST/STM32_USB_Device_Library/Class/MSC/Src/usbd_msc_bot.o
                0x0800307c                MSC_BOT_DataIn
 *fill*         0x080030b2        0x2 
 .text.MSC_BOT_CBW_Decode
                0x080030b4       0xa8 Middlewares/ST/STM32_USB_Device_Library/Class/MSC/Src/usbd_msc_bot.o
 .text.MSC_BOT_DataOut
                0x0800315c       0x32 Middlewares/ST/STM32_USB_Device_Library/Class/MSC/Src/usbd_msc_bot.o
                0x0800315c                MSC_BOT_DataOut
 .text.MSC_BOT_CplClrFeature
                0x0800318e       0x32 Middlewares/ST/STM32_USB_Device_Library/Class/MSC/Src/usbd_msc_bot.o
                0x0800318e                MSC_BOT_CplClrFeature
 .text.SCSI_AllowPreventRemovable
                0x080031c0       0x1a Middlewares/ST/STM32_USB_Device_Library/Class/MSC/Src/usbd_msc_scsi.o
 .text.SCSI_UpdateBotData
                0x080031da       0x20 Middlewares/ST/STM32_USB_Device_Library/Class/MSC/Src/usbd_msc_scsi.o
 *fill*         0x080031fa        0x2 
 .text.SCSI_ModeSense6
                0x080031fc       0x20 Middlewares/ST/STM32_USB_Device_Library/Class/MSC/Src/usbd_msc_scsi.o
 .text.SCSI_ModeSense10
                0x0800321c       0x20 Middlewares/ST/STM32_USB_Device_Library/Class/MSC/Src/usbd_msc_scsi.o
 .text.SCSI_SenseCode
                0x0800323c       0x34 Middlewares/ST/STM32_USB_Device_Library/Class/MSC/Src/usbd_msc_scsi.o
                0x0800323c                SCSI_SenseCode
 .text.SCSI_TestUnitReady
                0x08003270       0x68 Middlewares/ST/STM32_USB_Device_Library/Class/MSC/Src/usbd_msc_scsi.o
 .text.SCSI_RequestSense
                0x080032d8       0x82 Middlewares/ST/STM32_USB_Device_Library/Class/MSC/Src/usbd_msc_scsi.o
 *fill*         0x0800335a        0x2 
 .text.SCSI_Inquiry
                0x0800335c       0x88 Middlewares/ST/STM32_USB_Device_Library/Class/MSC/Src/usbd_msc_scsi.o
 .text.SCSI_StartStopUnit
                0x080033e4       0x52 Middlewares/ST/STM32_USB_Device_Library/Class/MSC/Src/usbd_msc_scsi.o
 .text.SCSI_ReadFormatCapacity
                0x08003436       0x84 Middlewares/ST/STM32_USB_Device_Library/Class/MSC/Src/usbd_msc_scsi.o
 .text.SCSI_ReadCapacity10
                0x080034ba       0x6c Middlewares/ST/STM32_USB_Device_Library/Class/MSC/Src/usbd_msc_scsi.o
 .text.SCSI_ReadCapacity16
                0x08003526       0xac Middlewares/ST/STM32_USB_Device_Library/Class/MSC/Src/usbd_msc_scsi.o
 .text.SCSI_CheckAddressRange
                0x080035d2       0x22 Middlewares/ST/STM32_USB_Device_Library/Class/MSC/Src/usbd_msc_scsi.o
 .text.SCSI_ProcessRead
                0x080035f4       0x94 Middlewares/ST/STM32_USB_Device_Library/Class/MSC/Src/usbd_msc_scsi.o
 .text.SCSI_Read10
                0x08003688       0xd2 Middlewares/ST/STM32_USB_Device_Library/Class/MSC/Src/usbd_msc_scsi.o
 .text.SCSI_Read12
                0x0800375a       0xe0 Middlewares/ST/STM32_USB_Device_Library/Class/MSC/Src/usbd_msc_scsi.o
 .text.SCSI_ProcessWrite
                0x0800383a       0xa6 Middlewares/ST/STM32_USB_Device_Library/Class/MSC/Src/usbd_msc_scsi.o
 .text.SCSI_Write10
                0x080038e0      0x10e Middlewares/ST/STM32_USB_Device_Library/Class/MSC/Src/usbd_msc_scsi.o
 .text.SCSI_Write12
                0x080039ee      0x134 Middlewares/ST/STM32_USB_Device_Library/Class/MSC/Src/usbd_msc_scsi.o
 .text.SCSI_Verify10
                0x08003b22       0x38 Middlewares/ST/STM32_USB_Device_Library/Class/MSC/Src/usbd_msc_scsi.o
 .text.SCSI_ProcessCmd
                0x08003b5a       0xb4 Middlewares/ST/STM32_USB_Device_Library/Class/MSC/Src/usbd_msc_scsi.o
                0x08003b5a                SCSI_ProcessCmd
 .text.USBD_Init
                0x08003c0e       0x38 Middlewares/ST/STM32_USB_Device_Library/Core/Src/usbd_core.o
                0x08003c0e                USBD_Init
 .text.USBD_RegisterClass
                0x08003c46       0x28 Middlewares/ST/STM32_USB_Device_Library/Core/Src/usbd_core.o
                0x08003c46                USBD_RegisterClass
 .text.USBD_Start
                0x08003c6e        0x8 Middlewares/ST/STM32_USB_Device_Library/Core/Src/usbd_core.o
                0x08003c6e                USBD_Start
 .text.USBD_SetClassConfig
                0x08003c76       0x12 Middlewares/ST/STM32_USB_Device_Library/Core/Src/usbd_core.o
                0x08003c76                USBD_SetClassConfig
 .text.USBD_ClrClassConfig
                0x08003c88       0x10 Middlewares/ST/STM32_USB_Device_Library/Core/Src/usbd_core.o
                0x08003c88                USBD_ClrClassConfig
 .text.USBD_LL_SetupStage
                0x08003c98       0x58 Middlewares/ST/STM32_USB_Device_Library/Core/Src/usbd_core.o
                0x08003c98                USBD_LL_SetupStage
 .text.USBD_LL_DataOutStage
                0x08003cf0       0x72 Middlewares/ST/STM32_USB_Device_Library/Core/Src/usbd_core.o
                0x08003cf0                USBD_LL_DataOutStage
 .text.USBD_LL_DataInStage
                0x08003d62       0xb6 Middlewares/ST/STM32_USB_Device_Library/Core/Src/usbd_core.o
                0x08003d62                USBD_LL_DataInStage
 .text.USBD_LL_Reset
                0x08003e18       0x52 Middlewares/ST/STM32_USB_Device_Library/Core/Src/usbd_core.o
                0x08003e18                USBD_LL_Reset
 .text.USBD_LL_SetSpeed
                0x08003e6a        0x6 Middlewares/ST/STM32_USB_Device_Library/Core/Src/usbd_core.o
                0x08003e6a                USBD_LL_SetSpeed
 .text.USBD_LL_Suspend
                0x08003e70       0x12 Middlewares/ST/STM32_USB_Device_Library/Core/Src/usbd_core.o
                0x08003e70                USBD_LL_Suspend
 .text.USBD_LL_Resume
                0x08003e82       0x16 Middlewares/ST/STM32_USB_Device_Library/Core/Src/usbd_core.o
                0x08003e82                USBD_LL_Resume
 .text.USBD_LL_SOF
                0x08003e98       0x1c Middlewares/ST/STM32_USB_Device_Library/Core/Src/usbd_core.o
                0x08003e98                USBD_LL_SOF
 .text.USBD_LL_IsoINIncomplete
                0x08003eb4        0x4 Middlewares/ST/STM32_USB_Device_Library/Core/Src/usbd_core.o
                0x08003eb4                USBD_LL_IsoINIncomplete
 .text.USBD_LL_IsoOUTIncomplete
                0x08003eb8        0x4 Middlewares/ST/STM32_USB_Device_Library/Core/Src/usbd_core.o
                0x08003eb8                USBD_LL_IsoOUTIncomplete
 .text.USBD_LL_DevConnected
                0x08003ebc        0x4 Middlewares/ST/STM32_USB_Device_Library/Core/Src/usbd_core.o
                0x08003ebc                USBD_LL_DevConnected
 .text.USBD_LL_DevDisconnected
                0x08003ec0       0x18 Middlewares/ST/STM32_USB_Device_Library/Core/Src/usbd_core.o
                0x08003ec0                USBD_LL_DevDisconnected
 .text.USBD_GetLen
                0x08003ed8       0x14 Middlewares/ST/STM32_USB_Device_Library/Core/Src/usbd_ctlreq.o
 .text.USBD_SetFeature
                0x08003eec       0x14 Middlewares/ST/STM32_USB_Device_Library/Core/Src/usbd_ctlreq.o
 .text.USBD_ParseSetupRequest
                0x08003f00       0x28 Middlewares/ST/STM32_USB_Device_Library/Core/Src/usbd_ctlreq.o
                0x08003f00                USBD_ParseSetupRequest
 .text.USBD_CtlError
                0x08003f28       0x14 Middlewares/ST/STM32_USB_Device_Library/Core/Src/usbd_ctlreq.o
                0x08003f28                USBD_CtlError
 .text.USBD_GetDescriptor
                0x08003f3c      0x18a Middlewares/ST/STM32_USB_Device_Library/Core/Src/usbd_ctlreq.o
 .text.USBD_SetAddress
                0x080040c6       0x4e Middlewares/ST/STM32_USB_Device_Library/Core/Src/usbd_ctlreq.o
 .text.USBD_SetConfig
                0x08004114       0xc8 Middlewares/ST/STM32_USB_Device_Library/Core/Src/usbd_ctlreq.o
 .text.USBD_GetConfig
                0x080041dc       0x3c Middlewares/ST/STM32_USB_Device_Library/Core/Src/usbd_ctlreq.o
 .text.USBD_GetStatus
                0x08004218       0x38 Middlewares/ST/STM32_USB_Device_Library/Core/Src/usbd_ctlreq.o
 .text.USBD_ClrFeature
                0x08004250       0x26 Middlewares/ST/STM32_USB_Device_Library/Core/Src/usbd_ctlreq.o
 .text.USBD_StdDevReq
                0x08004276       0x76 Middlewares/ST/STM32_USB_Device_Library/Core/Src/usbd_ctlreq.o
                0x08004276                USBD_StdDevReq
 .text.USBD_StdItfReq
                0x080042ec       0x68 Middlewares/ST/STM32_USB_Device_Library/Core/Src/usbd_ctlreq.o
                0x080042ec                USBD_StdItfReq
 .text.USBD_StdEPReq
                0x08004354      0x202 Middlewares/ST/STM32_USB_Device_Library/Core/Src/usbd_ctlreq.o
                0x08004354                USBD_StdEPReq
 .text.USBD_GetString
                0x08004556       0x38 Middlewares/ST/STM32_USB_Device_Library/Core/Src/usbd_ctlreq.o
                0x08004556                USBD_GetString
 .text.USBD_CtlSendData
                0x0800458e       0x1a Middlewares/ST/STM32_USB_Device_Library/Core/Src/usbd_ioreq.o
                0x0800458e                USBD_CtlSendData
 .text.USBD_CtlContinueSendData
                0x080045a8       0x10 Middlewares/ST/STM32_USB_Device_Library/Core/Src/usbd_ioreq.o
                0x080045a8                USBD_CtlContinueSendData
 .text.USBD_CtlContinueRx
                0x080045b8       0x10 Middlewares/ST/STM32_USB_Device_Library/Core/Src/usbd_ioreq.o
                0x080045b8                USBD_CtlContinueRx
 .text.USBD_CtlSendStatus
                0x080045c8       0x16 Middlewares/ST/STM32_USB_Device_Library/Core/Src/usbd_ioreq.o
                0x080045c8                USBD_CtlSendStatus
 .text.USBD_CtlReceiveStatus
                0x080045de       0x16 Middlewares/ST/STM32_USB_Device_Library/Core/Src/usbd_ioreq.o
                0x080045de                USBD_CtlReceiveStatus
 .text.disk_status
                0x080045f4       0x18 Middlewares/Third_Party/FatFs/src/diskio.o
                0x080045f4                disk_status
 .text.disk_initialize
                0x0800460c       0x28 Middlewares/Third_Party/FatFs/src/diskio.o
                0x0800460c                disk_initialize
 .text.disk_read
                0x08004634       0x18 Middlewares/Third_Party/FatFs/src/diskio.o
                0x08004634                disk_read
 .text.disk_write
                0x0800464c       0x18 Middlewares/Third_Party/FatFs/src/diskio.o
                0x0800464c                disk_write
 .text.disk_ioctl
                0x08004664       0x18 Middlewares/Third_Party/FatFs/src/diskio.o
                0x08004664                disk_ioctl
 .text.ld_word  0x0800467c        0xa Middlewares/Third_Party/FatFs/src/ff.o
 .text.ld_dword
                0x08004686       0x16 Middlewares/Third_Party/FatFs/src/ff.o
 .text.st_word  0x0800469c        0x8 Middlewares/Third_Party/FatFs/src/ff.o
 .text.st_dword
                0x080046a4       0x14 Middlewares/Third_Party/FatFs/src/ff.o
 .text.mem_cpy  0x080046b8       0x12 Middlewares/Third_Party/FatFs/src/ff.o
 .text.mem_set  0x080046ca        0xa Middlewares/Third_Party/FatFs/src/ff.o
 .text.mem_cmp  0x080046d4       0x1e Middlewares/Third_Party/FatFs/src/ff.o
 .text.chk_chr  0x080046f2       0x10 Middlewares/Third_Party/FatFs/src/ff.o
 *fill*         0x08004702        0x2 
 .text.chk_lock
                0x08004704       0x74 Middlewares/Third_Party/FatFs/src/ff.o
 .text.enq_lock
                0x08004778       0x20 Middlewares/Third_Party/FatFs/src/ff.o
 .text.inc_lock
                0x08004798       0xa4 Middlewares/Third_Party/FatFs/src/ff.o
 .text.dec_lock
                0x0800483c       0x40 Middlewares/Third_Party/FatFs/src/ff.o
 .text.clear_lock
                0x0800487c       0x3c Middlewares/Third_Party/FatFs/src/ff.o
 .text.clust2sect
                0x080048b8       0x18 Middlewares/Third_Party/FatFs/src/ff.o
 .text.clmt_clust
                0x080048d0       0x2c Middlewares/Third_Party/FatFs/src/ff.o
 .text.ld_clust
                0x080048fc       0x26 Middlewares/Third_Party/FatFs/src/ff.o
 .text.st_clust
                0x08004922       0x26 Middlewares/Third_Party/FatFs/src/ff.o
 .text.create_name
                0x08004948       0xcc Middlewares/Third_Party/FatFs/src/ff.o
 .text.get_ldnumber
                0x08004a14       0x54 Middlewares/Third_Party/FatFs/src/ff.o
 .text.validate
                0x08004a68       0x48 Middlewares/Third_Party/FatFs/src/ff.o
 .text.sync_window
                0x08004ab0       0x54 Middlewares/Third_Party/FatFs/src/ff.o
 .text.move_window
                0x08004b04       0x34 Middlewares/Third_Party/FatFs/src/ff.o
 .text.check_fs
                0x08004b38       0x7c Middlewares/Third_Party/FatFs/src/ff.o
 .text.find_volume
                0x08004bb4      0x350 Middlewares/Third_Party/FatFs/src/ff.o
 .text.put_fat  0x08004f04      0x13a Middlewares/Third_Party/FatFs/src/ff.o
 .text.get_fat  0x0800503e       0xfe Middlewares/Third_Party/FatFs/src/ff.o
 .text.dir_sdi  0x0800513c       0xb2 Middlewares/Third_Party/FatFs/src/ff.o
 .text.create_chain
                0x080051ee       0xc4 Middlewares/Third_Party/FatFs/src/ff.o
 .text.remove_chain
                0x080052b2       0x88 Middlewares/Third_Party/FatFs/src/ff.o
 .text.dir_next
                0x0800533a      0x114 Middlewares/Third_Party/FatFs/src/ff.o
 .text.dir_find
                0x0800544e       0x5a Middlewares/Third_Party/FatFs/src/ff.o
 .text.follow_path
                0x080054a8       0x92 Middlewares/Third_Party/FatFs/src/ff.o
 .text.dir_alloc
                0x0800553a       0x50 Middlewares/Third_Party/FatFs/src/ff.o
 .text.dir_register
                0x0800558a       0x3e Middlewares/Third_Party/FatFs/src/ff.o
 .text.sync_fs  0x080055c8       0x88 Middlewares/Third_Party/FatFs/src/ff.o
 .text.f_mount  0x08005650       0x64 Middlewares/Third_Party/FatFs/src/ff.o
                0x08005650                f_mount
 .text.f_open   0x080056b4      0x236 Middlewares/Third_Party/FatFs/src/ff.o
                0x080056b4                f_open
 .text.f_write  0x080058ea      0x1ea Middlewares/Third_Party/FatFs/src/ff.o
                0x080058ea                f_write
 .text.f_sync   0x08005ad4       0xa0 Middlewares/Third_Party/FatFs/src/ff.o
                0x08005ad4                f_sync
 .text.f_close  0x08005b74       0x34 Middlewares/Third_Party/FatFs/src/ff.o
                0x08005b74                f_close
 .text.FATFS_LinkDriverEx
                0x08005ba8       0x48 Middlewares/Third_Party/FatFs/src/ff_gen_drv.o
                0x08005ba8                FATFS_LinkDriverEx
 .text.FATFS_LinkDriver
                0x08005bf0        0xa Middlewares/Third_Party/FatFs/src/ff_gen_drv.o
                0x08005bf0                FATFS_LinkDriver
 *fill*         0x08005bfa        0x2 
 .text.MX_FATFS_Init
                0x08005bfc       0x1c Src/fatfs.o
                0x08005bfc                MX_FATFS_Init
 .text.get_fattime
                0x08005c18        0x4 Src/fatfs.o
                0x08005c18                get_fattime
 .text.MX_GPIO_Init
                0x08005c1c       0xa0 Src/main.o
 .text.myprintf
                0x08005cbc       0x40 Src/main.o
                0x08005cbc                myprintf
 .text.Error_Handler
                0x08005cfc        0x4 Src/main.o
                0x08005cfc                Error_Handler
 .text.MX_USART2_UART_Init
                0x08005d00       0x34 Src/main.o
 .text.SystemClock_Config
                0x08005d34       0xa8 Src/main.o
                0x08005d34                SystemClock_Config
 .text.main     0x08005ddc       0xd8 Src/main.o
                0x08005ddc                main
 .text.HAL_MspInit
                0x08005eb4       0x38 Src/stm32f4xx_hal_msp.o
                0x08005eb4                HAL_MspInit
 .text.HAL_UART_MspInit
                0x08005eec       0x70 Src/stm32f4xx_hal_msp.o
                0x08005eec                HAL_UART_MspInit
 .text.NMI_Handler
                0x08005f5c        0x2 Src/stm32f4xx_it.o
                0x08005f5c                NMI_Handler
 .text.HardFault_Handler
                0x08005f5e        0x2 Src/stm32f4xx_it.o
                0x08005f5e                HardFault_Handler
 .text.MemManage_Handler
                0x08005f60        0x2 Src/stm32f4xx_it.o
                0x08005f60                MemManage_Handler
 .text.BusFault_Handler
                0x08005f62        0x2 Src/stm32f4xx_it.o
                0x08005f62                BusFault_Handler
 .text.UsageFault_Handler
                0x08005f64        0x2 Src/stm32f4xx_it.o
                0x08005f64                UsageFault_Handler
 .text.SVC_Handler
                0x08005f66        0x2 Src/stm32f4xx_it.o
                0x08005f66                SVC_Handler
 .text.DebugMon_Handler
                0x08005f68        0x2 Src/stm32f4xx_it.o
                0x08005f68                DebugMon_Handler
 .text.PendSV_Handler
                0x08005f6a        0x2 Src/stm32f4xx_it.o
                0x08005f6a                PendSV_Handler
 .text.SysTick_Handler
                0x08005f6c        0x8 Src/stm32f4xx_it.o
                0x08005f6c                SysTick_Handler
 .text.OTG_FS_IRQHandler
                0x08005f74       0x10 Src/stm32f4xx_it.o
                0x08005f74                OTG_FS_IRQHandler
 .text._sbrk    0x08005f84       0x3c Src/syscalls.o
                0x08005f84                _sbrk
 .text.SystemInit
                0x08005fc0       0x1c Src/system_stm32f4xx.o
                0x08005fc0                SystemInit
 .text.MX_USB_DEVICE_Init
                0x08005fdc       0x54 Src/usb_device.o
                0x08005fdc                MX_USB_DEVICE_Init
 .text.HAL_PCD_MspInit
                0x08006030       0x9c Src/usbd_conf.o
                0x08006030                HAL_PCD_MspInit
 .text.HAL_PCD_SetupStageCallback
                0x080060cc       0x10 Src/usbd_conf.o
                0x080060cc                HAL_PCD_SetupStageCallback
 .text.HAL_PCD_DataOutStageCallback
                0x080060dc       0x18 Src/usbd_conf.o
                0x080060dc                HAL_PCD_DataOutStageCallback
 .text.HAL_PCD_DataInStageCallback
                0x080060f4       0x16 Src/usbd_conf.o
                0x080060f4                HAL_PCD_DataInStageCallback
 .text.HAL_PCD_SOFCallback
                0x0800610a        0xc Src/usbd_conf.o
                0x0800610a                HAL_PCD_SOFCallback
 .text.HAL_PCD_ResetCallback
                0x08006116       0x2c Src/usbd_conf.o
                0x08006116                HAL_PCD_ResetCallback
 *fill*         0x08006142        0x2 
 .text.HAL_PCD_SuspendCallback
                0x08006144       0x30 Src/usbd_conf.o
                0x08006144                HAL_PCD_SuspendCallback
 .text.HAL_PCD_ResumeCallback
                0x08006174        0xc Src/usbd_conf.o
                0x08006174                HAL_PCD_ResumeCallback
 .text.HAL_PCD_ISOOUTIncompleteCallback
                0x08006180        0xc Src/usbd_conf.o
                0x08006180                HAL_PCD_ISOOUTIncompleteCallback
 .text.HAL_PCD_ISOINIncompleteCallback
                0x0800618c        0xc Src/usbd_conf.o
                0x0800618c                HAL_PCD_ISOINIncompleteCallback
 .text.HAL_PCD_ConnectCallback
                0x08006198        0xc Src/usbd_conf.o
                0x08006198                HAL_PCD_ConnectCallback
 .text.HAL_PCD_DisconnectCallback
                0x080061a4        0xc Src/usbd_conf.o
                0x080061a4                HAL_PCD_DisconnectCallback
 .text.USBD_LL_Init
                0x080061b0       0x68 Src/usbd_conf.o
                0x080061b0                USBD_LL_Init
 .text.USBD_LL_IsStallEP
                0x08006218       0x2e Src/usbd_conf.o
                0x08006218                USBD_LL_IsStallEP
 .text.USBD_LL_GetRxDataSize
                0x08006246        0xc Src/usbd_conf.o
                0x08006246                USBD_LL_GetRxDataSize
 .text.USBD_Get_USB_Status
                0x08006252       0x12 Src/usbd_conf.o
                0x08006252                USBD_Get_USB_Status
 .text.USBD_LL_Start
                0x08006264       0x10 Src/usbd_conf.o
                0x08006264                USBD_LL_Start
 .text.USBD_LL_OpenEP
                0x08006274       0x16 Src/usbd_conf.o
                0x08006274                USBD_LL_OpenEP
 .text.USBD_LL_CloseEP
                0x0800628a       0x10 Src/usbd_conf.o
                0x0800628a                USBD_LL_CloseEP
 .text.USBD_LL_FlushEP
                0x0800629a       0x10 Src/usbd_conf.o
                0x0800629a                USBD_LL_FlushEP
 .text.USBD_LL_StallEP
                0x080062aa       0x10 Src/usbd_conf.o
                0x080062aa                USBD_LL_StallEP
 .text.USBD_LL_ClearStallEP
                0x080062ba       0x10 Src/usbd_conf.o
                0x080062ba                USBD_LL_ClearStallEP
 .text.USBD_LL_SetUSBAddress
                0x080062ca       0x10 Src/usbd_conf.o
                0x080062ca                USBD_LL_SetUSBAddress
 .text.USBD_LL_Transmit
                0x080062da       0x10 Src/usbd_conf.o
                0x080062da                USBD_LL_Transmit
 .text.USBD_LL_PrepareReceive
                0x080062ea       0x10 Src/usbd_conf.o
                0x080062ea                USBD_LL_PrepareReceive
 *fill*         0x080062fa        0x2 
 .text.USBD_FS_DeviceDescriptor
                0x080062fc        0xc Src/usbd_desc.o
                0x080062fc                USBD_FS_DeviceDescriptor
 .text.USBD_FS_LangIDStrDescriptor
                0x08006308        0xc Src/usbd_desc.o
                0x08006308                USBD_FS_LangIDStrDescriptor
 .text.IntToUnicode
                0x08006314       0x36 Src/usbd_desc.o
 *fill*         0x0800634a        0x2 
 .text.Get_SerialNum
                0x0800634c       0x38 Src/usbd_desc.o
 .text.USBD_FS_SerialStrDescriptor
                0x08006384       0x14 Src/usbd_desc.o
                0x08006384                USBD_FS_SerialStrDescriptor
 .text.USBD_FS_ProductStrDescriptor
                0x08006398       0x24 Src/usbd_desc.o
                0x08006398                USBD_FS_ProductStrDescriptor
 .text.USBD_FS_ManufacturerStrDescriptor
                0x080063bc       0x1c Src/usbd_desc.o
                0x080063bc                USBD_FS_ManufacturerStrDescriptor
 .text.USBD_FS_ConfigStrDescriptor
                0x080063d8       0x24 Src/usbd_desc.o
                0x080063d8                USBD_FS_ConfigStrDescriptor
 .text.USBD_FS_InterfaceStrDescriptor
                0x080063fc       0x24 Src/usbd_desc.o
                0x080063fc                USBD_FS_InterfaceStrDescriptor
 .text.STORAGE_IsReady_FS
                0x08006420        0x4 Src/usbd_storage_if.o
 .text.STORAGE_IsWriteProtected_FS
                0x08006424        0x4 Src/usbd_storage_if.o
 .text.STORAGE_Read_FS
                0x08006428       0x3c Src/usbd_storage_if.o
 .text.STORAGE_GetMaxLun_FS
                0x08006464        0x4 Src/usbd_storage_if.o
 .text.GetSector
                0x08006468       0x8c Src/usbd_storage_if.o
 .text.GetSectorSize
                0x080064f4       0x1a Src/usbd_storage_if.o
 *fill*         0x0800650e        0x2 
 .text.STORAGE_GetCapacity_FS
                0x08006510       0x20 Src/usbd_storage_if.o
 .text.STORAGE_Write_FS
                0x08006530       0x78 Src/usbd_storage_if.o
 .text.STORAGE_Init_FS
                0x080065a8       0x50 Src/usbd_storage_if.o
 .text.USER_initialize
                0x080065f8       0x10 Src/user_diskio.o
                0x080065f8                USER_initialize
 .text.USER_status
                0x08006608       0x10 Src/user_diskio.o
                0x08006608                USER_status
 .text.USER_read
                0x08006618        0x4 Src/user_diskio.o
                0x08006618                USER_read
 .text.USER_write
                0x0800661c        0x4 Src/user_diskio.o
                0x0800661c                USER_write
 .text.USER_ioctl
                0x08006620        0x4 Src/user_diskio.o
                0x08006620                USER_ioctl
 .text.Reset_Handler
                0x08006624       0x50 startup/startup_stm32f407xx.o
                0x08006624                Reset_Handler
 .text.Default_Handler
                0x08006674        0x2 startup/startup_stm32f407xx.o
                0x08006674                RTC_Alarm_IRQHandler
                0x08006674                HASH_RNG_IRQHandler
                0x08006674                EXTI2_IRQHandler
                0x08006674                TIM8_CC_IRQHandler
                0x08006674                TIM1_CC_IRQHandler
                0x08006674                DMA2_Stream5_IRQHandler
                0x08006674                DMA1_Stream5_IRQHandler
                0x08006674                PVD_IRQHandler
                0x08006674                SDIO_IRQHandler
                0x08006674                TAMP_STAMP_IRQHandler
                0x08006674                CAN2_RX1_IRQHandler
                0x08006674                EXTI3_IRQHandler
                0x08006674                TIM8_TRG_COM_TIM14_IRQHandler
                0x08006674                TIM1_UP_TIM10_IRQHandler
                0x08006674                TIM8_UP_TIM13_IRQHandler
                0x08006674                I2C3_ER_IRQHandler
                0x08006674                EXTI0_IRQHandler
                0x08006674                I2C2_EV_IRQHandler
                0x08006674                DMA1_Stream2_IRQHandler
                0x08006674                CAN1_RX0_IRQHandler
                0x08006674                FPU_IRQHandler
                0x08006674                OTG_HS_WKUP_IRQHandler
                0x08006674                CAN2_SCE_IRQHandler
                0x08006674                DMA2_Stream2_IRQHandler
                0x08006674                SPI1_IRQHandler
                0x08006674                TIM6_DAC_IRQHandler
                0x08006674                TIM1_BRK_TIM9_IRQHandler
                0x08006674                DCMI_IRQHandler
                0x08006674                CAN2_RX0_IRQHandler
                0x08006674                DMA2_Stream3_IRQHandler
                0x08006674                USART6_IRQHandler
                0x08006674                USART3_IRQHandler
                0x08006674                CAN1_RX1_IRQHandler
                0x08006674                UART5_IRQHandler
                0x08006674                DMA2_Stream0_IRQHandler
                0x08006674                TIM4_IRQHandler
                0x08006674                I2C1_EV_IRQHandler
                0x08006674                DMA1_Stream6_IRQHandler
                0x08006674                DMA1_Stream1_IRQHandler
                0x08006674                UART4_IRQHandler
                0x08006674                TIM3_IRQHandler
                0x08006674                RCC_IRQHandler
                0x08006674                TIM8_BRK_TIM12_IRQHandler
                0x08006674                Default_Handler
                0x08006674                EXTI15_10_IRQHandler
                0x08006674                ADC_IRQHandler
                0x08006674                DMA1_Stream7_IRQHandler
                0x08006674                TIM7_IRQHandler
                0x08006674                CAN2_TX_IRQHandler
                0x08006674                TIM5_IRQHandler
                0x08006674                DMA2_Stream7_IRQHandler
                0x08006674                I2C3_EV_IRQHandler
                0x08006674                EXTI9_5_IRQHandler
                0x08006674                RTC_WKUP_IRQHandler
                0x08006674                ETH_WKUP_IRQHandler
                0x08006674                SPI2_IRQHandler
                0x08006674                OTG_HS_EP1_IN_IRQHandler
                0x08006674                DMA1_Stream0_IRQHandler
                0x08006674                CAN1_TX_IRQHandler
                0x08006674                EXTI4_IRQHandler
                0x08006674                FSMC_IRQHandler
                0x08006674                ETH_IRQHandler
                0x08006674                OTG_HS_EP1_OUT_IRQHandler
                0x08006674                WWDG_IRQHandler
                0x08006674                TIM2_IRQHandler
                0x08006674                OTG_FS_WKUP_IRQHandler
                0x08006674                TIM1_TRG_COM_TIM11_IRQHandler
                0x08006674                OTG_HS_IRQHandler
                0x08006674                EXTI1_IRQHandler
                0x08006674                USART2_IRQHandler
                0x08006674                I2C2_ER_IRQHandler
                0x08006674                DMA2_Stream1_IRQHandler
                0x08006674                CAN1_SCE_IRQHandler
                0x08006674                FLASH_IRQHandler
                0x08006674                DMA2_Stream4_IRQHandler
                0x08006674                USART1_IRQHandler
                0x08006674                SPI3_IRQHandler
                0x08006674                DMA1_Stream4_IRQHandler
                0x08006674                I2C1_ER_IRQHandler
                0x08006674                DMA2_Stream6_IRQHandler
                0x08006674                DMA1_Stream3_IRQHandler
 *fill*         0x08006676        0x2 
 .text.__errno  0x08006678        0xc c:/ac6/systemworkbench/plugins/fr.ac6.mcu.externaltools.arm-none.win32_1.17.0.201812190825/tools/compiler/bin/../lib/gcc/arm-none-eabi/7.3.1/../../../../arm-none-eabi/lib/thumb/v7e-m/fpv4-sp/hard\libc_nano.a(lib_a-errno.o)
                0x08006678                __errno
 .text.__libc_init_array
                0x08006684       0x48 c:/ac6/systemworkbench/plugins/fr.ac6.mcu.externaltools.arm-none.win32_1.17.0.201812190825/tools/compiler/bin/../lib/gcc/arm-none-eabi/7.3.1/../../../../arm-none-eabi/lib/thumb/v7e-m/fpv4-sp/hard\libc_nano.a(lib_a-init.o)
                0x08006684                __libc_init_array
 .text.malloc   0x080066cc       0x10 c:/ac6/systemworkbench/plugins/fr.ac6.mcu.externaltools.arm-none.win32_1.17.0.201812190825/tools/compiler/bin/../lib/gcc/arm-none-eabi/7.3.1/../../../../arm-none-eabi/lib/thumb/v7e-m/fpv4-sp/hard\libc_nano.a(lib_a-malloc.o)
                0x080066cc                malloc
 .text.free     0x080066dc       0x10 c:/ac6/systemworkbench/plugins/fr.ac6.mcu.externaltools.arm-none.win32_1.17.0.201812190825/tools/compiler/bin/../lib/gcc/arm-none-eabi/7.3.1/../../../../arm-none-eabi/lib/thumb/v7e-m/fpv4-sp/hard\libc_nano.a(lib_a-malloc.o)
                0x080066dc                free
 .text.memset   0x080066ec       0x10 c:/ac6/systemworkbench/plugins/fr.ac6.mcu.externaltools.arm-none.win32_1.17.0.201812190825/tools/compiler/bin/../lib/gcc/arm-none-eabi/7.3.1/../../../../arm-none-eabi/lib/thumb/v7e-m/fpv4-sp/hard\libc_nano.a(lib_a-memset.o)
                0x080066ec                memset
 .text._free_r  0x080066fc       0x9c c:/ac6/systemworkbench/plugins/fr.ac6.mcu.externaltools.arm-none.win32_1.17.0.201812190825/tools/compiler/bin/../lib/gcc/arm-none-eabi/7.3.1/../../../../arm-none-eabi/lib/thumb/v7e-m/fpv4-sp/hard\libc_nano.a(lib_a-nano-freer.o)
                0x080066fc                _free_r
 .text._malloc_r
                0x08006798       0xb4 c:/ac6/systemworkbench/plugins/fr.ac6.mcu.externaltools.arm-none.win32_1.17.0.201812190825/tools/compiler/bin/../lib/gcc/arm-none-eabi/7.3.1/../../../../arm-none-eabi/lib/thumb/v7e-m/fpv4-sp/hard\libc_nano.a(lib_a-nano-mallocr.o)
                0x08006798                _malloc_r
 .text._sbrk_r  0x0800684c       0x20 c:/ac6/systemworkbench/plugins/fr.ac6.mcu.externaltools.arm-none.win32_1.17.0.201812190825/tools/compiler/bin/../lib/gcc/arm-none-eabi/7.3.1/../../../../arm-none-eabi/lib/thumb/v7e-m/fpv4-sp/hard\libc_nano.a(lib_a-sbrkr.o)
                0x0800684c                _sbrk_r
 .text._vsnprintf_r
                0x0800686c       0x58 c:/ac6/systemworkbench/plugins/fr.ac6.mcu.externaltools.arm-none.win32_1.17.0.201812190825/tools/compiler/bin/../lib/gcc/arm-none-eabi/7.3.1/../../../../arm-none-eabi/lib/thumb/v7e-m/fpv4-sp/hard\libc_nano.a(lib_a-vsnprintf.o)
                0x0800686c                _vsniprintf_r
                0x0800686c                _vsnprintf_r
 .text.vsnprintf
                0x080068c4       0x1c c:/ac6/systemworkbench/plugins/fr.ac6.mcu.externaltools.arm-none.win32_1.17.0.201812190825/tools/compiler/bin/../lib/gcc/arm-none-eabi/7.3.1/../../../../arm-none-eabi/lib/thumb/v7e-m/fpv4-sp/hard\libc_nano.a(lib_a-vsnprintf.o)
                0x080068c4                vsniprintf
                0x080068c4                vsnprintf
 .text.__malloc_lock
                0x080068e0        0x2 c:/ac6/systemworkbench/plugins/fr.ac6.mcu.externaltools.arm-none.win32_1.17.0.201812190825/tools/compiler/bin/../lib/gcc/arm-none-eabi/7.3.1/../../../../arm-none-eabi/lib/thumb/v7e-m/fpv4-sp/hard\libc_nano.a(lib_a-mlock.o)
                0x080068e0                __malloc_lock
 .text.__malloc_unlock
                0x080068e2        0x2 c:/ac6/systemworkbench/plugins/fr.ac6.mcu.externaltools.arm-none.win32_1.17.0.201812190825/tools/compiler/bin/../lib/gcc/arm-none-eabi/7.3.1/../../../../arm-none-eabi/lib/thumb/v7e-m/fpv4-sp/hard\libc_nano.a(lib_a-mlock.o)
                0x080068e2                __malloc_unlock
 .text.__ssputs_r
                0x080068e4       0xb4 c:/ac6/systemworkbench/plugins/fr.ac6.mcu.externaltools.arm-none.win32_1.17.0.201812190825/tools/compiler/bin/../lib/gcc/arm-none-eabi/7.3.1/../../../../arm-none-eabi/lib/thumb/v7e-m/fpv4-sp/hard\libc_nano.a(lib_a-nano-svfprintf.o)
                0x080068e4                __ssputs_r
 .text._svfprintf_r
                0x08006998      0x1f0 c:/ac6/systemworkbench/plugins/fr.ac6.mcu.externaltools.arm-none.win32_1.17.0.201812190825/tools/compiler/bin/../lib/gcc/arm-none-eabi/7.3.1/../../../../arm-none-eabi/lib/thumb/v7e-m/fpv4-sp/hard\libc_nano.a(lib_a-nano-svfprintf.o)
                0x08006998                _svfiprintf_r
                0x08006998                _svfprintf_r
 .text._printf_common
                0x08006b88       0xea c:/ac6/systemworkbench/plugins/fr.ac6.mcu.externaltools.arm-none.win32_1.17.0.201812190825/tools/compiler/bin/../lib/gcc/arm-none-eabi/7.3.1/../../../../arm-none-eabi/lib/thumb/v7e-m/fpv4-sp/hard\libc_nano.a(lib_a-nano-vfprintf_i.o)
                0x08006b88                _printf_common
 *fill*         0x08006c72        0x2 
 .text._printf_i
                0x08006c74      0x224 c:/ac6/systemworkbench/plugins/fr.ac6.mcu.externaltools.arm-none.win32_1.17.0.201812190825/tools/compiler/bin/../lib/gcc/arm-none-eabi/7.3.1/../../../../arm-none-eabi/lib/thumb/v7e-m/fpv4-sp/hard\libc_nano.a(lib_a-nano-vfprintf_i.o)
                0x08006c74                _printf_i
 .text.memcpy   0x08006e98       0x16 c:/ac6/systemworkbench/plugins/fr.ac6.mcu.externaltools.arm-none.win32_1.17.0.201812190825/tools/compiler/bin/../lib/gcc/arm-none-eabi/7.3.1/../../../../arm-none-eabi/lib/thumb/v7e-m/fpv4-sp/hard\libc_nano.a(lib_a-memcpy-stub.o)
                0x08006e98                memcpy
 .text.memmove  0x08006eae       0x32 c:/ac6/systemworkbench/plugins/fr.ac6.mcu.externaltools.arm-none.win32_1.17.0.201812190825/tools/compiler/bin/../lib/gcc/arm-none-eabi/7.3.1/../../../../arm-none-eabi/lib/thumb/v7e-m/fpv4-sp/hard\libc_nano.a(lib_a-memmove.o)
                0x08006eae                memmove
 .text._realloc_r
                0x08006ee0       0x4c c:/ac6/systemworkbench/plugins/fr.ac6.mcu.externaltools.arm-none.win32_1.17.0.201812190825/tools/compiler/bin/../lib/gcc/arm-none-eabi/7.3.1/../../../../arm-none-eabi/lib/thumb/v7e-m/fpv4-sp/hard\libc_nano.a(lib_a-nano-reallocr.o)
                0x08006ee0                _realloc_r
 .text._malloc_usable_size_r
                0x08006f2c       0x10 c:/ac6/systemworkbench/plugins/fr.ac6.mcu.externaltools.arm-none.win32_1.17.0.201812190825/tools/compiler/bin/../lib/gcc/arm-none-eabi/7.3.1/../../../../arm-none-eabi/lib/thumb/v7e-m/fpv4-sp/hard\libc_nano.a(lib_a-nano-msizer.o)
                0x08006f2c                _malloc_usable_size_r
 *(.glue_7)
 .glue_7        0x08006f3c        0x0 linker stubs
 *(.glue_7t)
 .glue_7t       0x08006f3c        0x0 linker stubs
 *(.eh_frame)
 .eh_frame      0x08006f3c        0x0 c:/ac6/systemworkbench/plugins/fr.ac6.mcu.externaltools.arm-none.win32_1.17.0.201812190825/tools/compiler/bin/../lib/gcc/arm-none-eabi/7.3.1/thumb/v7e-m/fpv4-sp/hard/crtbegin.o
 *(.init)
 .init          0x08006f3c        0x4 c:/ac6/systemworkbench/plugins/fr.ac6.mcu.externaltools.arm-none.win32_1.17.0.201812190825/tools/compiler/bin/../lib/gcc/arm-none-eabi/7.3.1/thumb/v7e-m/fpv4-sp/hard/crti.o
                0x08006f3c                _init
 .init          0x08006f40        0x8 c:/ac6/systemworkbench/plugins/fr.ac6.mcu.externaltools.arm-none.win32_1.17.0.201812190825/tools/compiler/bin/../lib/gcc/arm-none-eabi/7.3.1/thumb/v7e-m/fpv4-sp/hard/crtn.o
 *(.fini)
 .fini          0x08006f48        0x4 c:/ac6/systemworkbench/plugins/fr.ac6.mcu.externaltools.arm-none.win32_1.17.0.201812190825/tools/compiler/bin/../lib/gcc/arm-none-eabi/7.3.1/thumb/v7e-m/fpv4-sp/hard/crti.o
                0x08006f48                _fini
 .fini          0x08006f4c        0x8 c:/ac6/systemworkbench/plugins/fr.ac6.mcu.externaltools.arm-none.win32_1.17.0.201812190825/tools/compiler/bin/../lib/gcc/arm-none-eabi/7.3.1/thumb/v7e-m/fpv4-sp/hard/crtn.o
                0x08006f54                . = ALIGN (0x4)
                0x08006f54                _etext = .

.vfp11_veneer   0x08006f54        0x0
 .vfp11_veneer  0x08006f54        0x0 linker stubs

.v4_bx          0x08006f54        0x0
 .v4_bx         0x08006f54        0x0 linker stubs

.iplt           0x08006f54        0x0
 .iplt          0x08006f54        0x0 c:/ac6/systemworkbench/plugins/fr.ac6.mcu.externaltools.arm-none.win32_1.17.0.201812190825/tools/compiler/bin/../lib/gcc/arm-none-eabi/7.3.1/thumb/v7e-m/fpv4-sp/hard/crtbegin.o

.rodata         0x08006f54      0x294
                0x08006f54                . = ALIGN (0x4)
 *(.rodata)
 .rodata        0x08006f54       0x9e Middlewares/Third_Party/FatFs/src/ff.o
 *fill*         0x08006ff2        0x2 
 .rodata        0x08006ff4       0x18 Src/system_stm32f4xx.o
                0x08006ff4                AHBPrescTable
                0x08007004                APBPrescTable
 .rodata        0x0800700c       0x24 Src/usbd_storage_if.o
                0x0800700c                STORAGE_Inquirydata_FS
 *(.rodata*)
 .rodata.str1.4
                0x08007030       0x44 Middlewares/Third_Party/FatFs/src/ff.o
 .rodata.str1.4
                0x08007074       0xf9 Src/main.o
 *fill*         0x0800716d        0x3 
 .rodata.str1.4
                0x08007170       0x44 Src/usbd_desc.o
                                 0x42 (size before relaxing)
 .rodata._svfprintf_r.str1.1
                0x080071b4       0x11 c:/ac6/systemworkbench/plugins/fr.ac6.mcu.externaltools.arm-none.win32_1.17.0.201812190825/tools/compiler/bin/../lib/gcc/arm-none-eabi/7.3.1/../../../../arm-none-eabi/lib/thumb/v7e-m/fpv4-sp/hard\libc_nano.a(lib_a-nano-svfprintf.o)
 .rodata._printf_i.str1.1
                0x080071c5       0x22 c:/ac6/systemworkbench/plugins/fr.ac6.mcu.externaltools.arm-none.win32_1.17.0.201812190825/tools/compiler/bin/../lib/gcc/arm-none-eabi/7.3.1/../../../../arm-none-eabi/lib/thumb/v7e-m/fpv4-sp/hard\libc_nano.a(lib_a-nano-vfprintf_i.o)
                0x080071e8                . = ALIGN (0x4)
 *fill*         0x080071e7        0x1 

.ARM.extab
 *(.ARM.extab* .gnu.linkonce.armextab.*)

.ARM            0x080071e8        0x8
                0x080071e8                __exidx_start = .
 *(.ARM.exidx*)
 .ARM.exidx     0x080071e8        0x8 c:/ac6/systemworkbench/plugins/fr.ac6.mcu.externaltools.arm-none.win32_1.17.0.201812190825/tools/compiler/bin/../lib/gcc/arm-none-eabi/7.3.1/thumb/v7e-m/fpv4-sp/hard\libgcc.a(_udivmoddi4.o)
                0x080071f0                __exidx_end = .

.rel.dyn        0x080071f0        0x0
 .rel.iplt      0x080071f0        0x0 c:/ac6/systemworkbench/plugins/fr.ac6.mcu.externaltools.arm-none.win32_1.17.0.201812190825/tools/compiler/bin/../lib/gcc/arm-none-eabi/7.3.1/thumb/v7e-m/fpv4-sp/hard/crtbegin.o

.preinit_array  0x080071f0        0x0
                0x080071f0                PROVIDE (__preinit_array_start = .)
 *(.preinit_array*)
                0x080071f0                PROVIDE (__preinit_array_end = .)

.init_array     0x080071f0        0x4
                0x080071f0                PROVIDE (__init_array_start = .)
 *(SORT_BY_NAME(.init_array.*))
 *(.init_array*)
 .init_array    0x080071f0        0x4 c:/ac6/systemworkbench/plugins/fr.ac6.mcu.externaltools.arm-none.win32_1.17.0.201812190825/tools/compiler/bin/../lib/gcc/arm-none-eabi/7.3.1/thumb/v7e-m/fpv4-sp/hard/crtbegin.o
                0x080071f4                PROVIDE (__init_array_end = .)

.fini_array     0x080071f4        0x4
                [!provide]                PROVIDE (__fini_array_start = .)
 *(SORT_BY_NAME(.fini_array.*))
 *(.fini_array*)
 .fini_array    0x080071f4        0x4 c:/ac6/systemworkbench/plugins/fr.ac6.mcu.externaltools.arm-none.win32_1.17.0.201812190825/tools/compiler/bin/../lib/gcc/arm-none-eabi/7.3.1/thumb/v7e-m/fpv4-sp/hard/crtbegin.o
                [!provide]                PROVIDE (__fini_array_end = .)
                0x080071f8                _sidata = LOADADDR (.data)

.data           0x20000000      0x1e0 load address 0x080071f8
                0x20000000                . = ALIGN (0x4)
                0x20000000                _sdata = .
 *(.data)
 .data          0x20000000        0x8 Drivers/STM32F4xx_HAL_Driver/Src/stm32f4xx_hal.o
                0x20000000                uwTickFreq
                0x20000004                uwTickPrio
 .data          0x20000008       0xa4 Middlewares/ST/STM32_USB_Device_Library/Class/MSC/Src/usbd_msc.o
                0x20000074                USBD_MSC
 .data          0x200000ac       0x42 Middlewares/ST/STM32_USB_Device_Library/Class/MSC/Src/usbd_msc_data.o
                0x200000ac                MSC_Mode_Sense10_data
                0x200000c8                MSC_Mode_Sense6_data
                0x200000e0                MSC_Page80_Inquiry_Data
                0x200000e8                MSC_Page00_Inquiry_Data
 *fill*         0x200000ee        0x2 
 .data          0x200000f0        0x4 Src/system_stm32f4xx.o
                0x200000f0                SystemCoreClock
 .data          0x200000f4       0x50 Src/usbd_desc.o
                0x200000f4                USBD_FS_DeviceDesc
                0x20000108                USBD_LangIDDesc
                0x2000010c                USBD_StringSerial
                0x20000128                FS_Desc
 .data          0x20000144       0x20 Src/usbd_storage_if.o
                0x20000144                USBD_Storage_Interface_fops_FS
 .data          0x20000164       0x18 Src/user_diskio.o
                0x20000168                USER_Driver
 *(.data*)
 .data._impure_ptr
                0x2000017c        0x4 c:/ac6/systemworkbench/plugins/fr.ac6.mcu.externaltools.arm-none.win32_1.17.0.201812190825/tools/compiler/bin/../lib/gcc/arm-none-eabi/7.3.1/../../../../arm-none-eabi/lib/thumb/v7e-m/fpv4-sp/hard\libc_nano.a(lib_a-impure.o)
                0x2000017c                _impure_ptr
 .data.impure_data
                0x20000180       0x60 c:/ac6/systemworkbench/plugins/fr.ac6.mcu.externaltools.arm-none.win32_1.17.0.201812190825/tools/compiler/bin/../lib/gcc/arm-none-eabi/7.3.1/../../../../arm-none-eabi/lib/thumb/v7e-m/fpv4-sp/hard\libc_nano.a(lib_a-impure.o)
                0x200001e0                . = ALIGN (0x4)
                0x200001e0                _edata = .
                0x080073d8                _siccmram = LOADADDR (.ccmram)

.igot.plt       0x200001e0        0x0 load address 0x080073d8
 .igot.plt      0x200001e0        0x0 c:/ac6/systemworkbench/plugins/fr.ac6.mcu.externaltools.arm-none.win32_1.17.0.201812190825/tools/compiler/bin/../lib/gcc/arm-none-eabi/7.3.1/thumb/v7e-m/fpv4-sp/hard/crtbegin.o

.ccmram         0x10000000        0x0 load address 0x080073d8
                0x10000000                . = ALIGN (0x4)
                0x10000000                _sccmram = .
 *(.ccmram)
 *(.ccmram*)
                0x10000000                . = ALIGN (0x4)
                0x10000000                _eccmram = .
                0x10000000                . = ALIGN (0x4)

.bss            0x200001e0     0x4b9c
                0x200001e0                _sbss = .
                0x200001e0                __bss_start__ = _sbss
 *(.bss)
 .bss           0x200001e0       0x1c c:/ac6/systemworkbench/plugins/fr.ac6.mcu.externaltools.arm-none.win32_1.17.0.201812190825/tools/compiler/bin/../lib/gcc/arm-none-eabi/7.3.1/thumb/v7e-m/fpv4-sp/hard/crtbegin.o
 .bss           0x200001fc        0x1 Middlewares/ST/STM32_USB_Device_Library/Core/Src/usbd_ctlreq.o
 *fill*         0x200001fd        0x3 
 .bss           0x20000200       0x26 Middlewares/Third_Party/FatFs/src/ff.o
 *fill*         0x20000226        0x2 
 .bss           0x20000228        0xc Middlewares/Third_Party/FatFs/src/ff_gen_drv.o
                0x20000228                disk
 .bss           0x20000234      0x100 Src/main.o
 .bss           0x20000334        0x8 Src/syscalls.o
                0x20000338                __env
 .bss           0x2000033c       0x24 Src/usbd_storage_if.o
                0x2000033c                SectorError
                0x20000354                FirstSector
                0x20000358                NbOfSectors
                0x2000035c                Address
 *(.bss*)
 .bss.__malloc_free_list
                0x20000360        0x4 c:/ac6/systemworkbench/plugins/fr.ac6.mcu.externaltools.arm-none.win32_1.17.0.201812190825/tools/compiler/bin/../lib/gcc/arm-none-eabi/7.3.1/../../../../arm-none-eabi/lib/thumb/v7e-m/fpv4-sp/hard\libc_nano.a(lib_a-nano-mallocr.o)
                0x20000360                __malloc_free_list
 .bss.__malloc_sbrk_start
                0x20000364        0x4 c:/ac6/systemworkbench/plugins/fr.ac6.mcu.externaltools.arm-none.win32_1.17.0.201812190825/tools/compiler/bin/../lib/gcc/arm-none-eabi/7.3.1/../../../../arm-none-eabi/lib/thumb/v7e-m/fpv4-sp/hard\libc_nano.a(lib_a-nano-mallocr.o)
                0x20000364                __malloc_sbrk_start
 *(COMMON)
 COMMON         0x20000368        0x4 Drivers/STM32F4xx_HAL_Driver/Src/stm32f4xx_hal.o
                0x20000368                uwTick
 COMMON         0x2000036c       0x20 Drivers/STM32F4xx_HAL_Driver/Src/stm32f4xx_hal_flash.o
                0x2000036c                pFlash
 COMMON         0x2000038c     0x206c Src/fatfs.o
                0x2000038c                USERPath
                0x20000390                retUSER
                0x20000394                USERFile
                0x200013c4                USERFatFS
 COMMON         0x200023f8     0x20a8 Src/main.o
                0x200023f8                USBDISKPath
                0x200023fc                MyFile
                0x2000342c                huart2
                0x2000346c                USBDISKFatFs
 COMMON         0x200044a0      0x2d0 Src/usb_device.o
                0x200044a0                hUsbDeviceFS
 COMMON         0x20004770      0x408 Src/usbd_conf.o
                0x20004770                hpcd_USB_OTG_FS
 COMMON         0x20004b78      0x200 Src/usbd_desc.o
                0x20004b78                USBD_StrDesc
 COMMON         0x20004d78        0x4 c:/ac6/systemworkbench/plugins/fr.ac6.mcu.externaltools.arm-none.win32_1.17.0.201812190825/tools/compiler/bin/../lib/gcc/arm-none-eabi/7.3.1/../../../../arm-none-eabi/lib/thumb/v7e-m/fpv4-sp/hard\libc_nano.a(lib_a-reent.o)
                0x20004d78                errno
                0x20004d7c                . = ALIGN (0x4)
                0x20004d7c                _ebss = .
                0x20004d7c                __bss_end__ = _ebss

._user_heap_stack
                0x20004d7c      0xc04
                0x20004d80                . = ALIGN (0x8)
 *fill*         0x20004d7c        0x4 
                0x20004d80                PROVIDE (end = .)
                [!provide]                PROVIDE (_end = .)
                0x20005180                . = (. + _Min_Heap_Size)
 *fill*         0x20004d80      0x400 
                0x20005980                . = (. + _Min_Stack_Size)
 *fill*         0x20005180      0x800 
                0x20005980                . = ALIGN (0x8)

/DISCARD/
 libc.a(*)
 libm.a(*)
 libgcc.a(*)

.ARM.attributes
                0x00000000       0x30
 *(.ARM.attributes)
 .ARM.attributes
                0x00000000       0x22 c:/ac6/systemworkbench/plugins/fr.ac6.mcu.externaltools.arm-none.win32_1.17.0.201812190825/tools/compiler/bin/../lib/gcc/arm-none-eabi/7.3.1/thumb/v7e-m/fpv4-sp/hard/crti.o
 .ARM.attributes
                0x00000022       0x34 c:/ac6/systemworkbench/plugins/fr.ac6.mcu.externaltools.arm-none.win32_1.17.0.201812190825/tools/compiler/bin/../lib/gcc/arm-none-eabi/7.3.1/thumb/v7e-m/fpv4-sp/hard/crtbegin.o
 .ARM.attributes
                0x00000056       0x39 Drivers/STM32F4xx_HAL_Driver/Src/stm32f4xx_hal.o
 .ARM.attributes
                0x0000008f       0x39 Drivers/STM32F4xx_HAL_Driver/Src/stm32f4xx_hal_cortex.o
 .ARM.attributes
                0x000000c8       0x39 Drivers/STM32F4xx_HAL_Driver/Src/stm32f4xx_hal_flash.o
 .ARM.attributes
                0x00000101       0x39 Drivers/STM32F4xx_HAL_Driver/Src/stm32f4xx_hal_flash_ex.o
 .ARM.attributes
                0x0000013a       0x39 Drivers/STM32F4xx_HAL_Driver/Src/stm32f4xx_hal_gpio.o
 .ARM.attributes
                0x00000173       0x39 Drivers/STM32F4xx_HAL_Driver/Src/stm32f4xx_hal_pcd.o
 .ARM.attributes
                0x000001ac       0x39 Drivers/STM32F4xx_HAL_Driver/Src/stm32f4xx_hal_pcd_ex.o
 .ARM.attributes
                0x000001e5       0x39 Drivers/STM32F4xx_HAL_Driver/Src/stm32f4xx_hal_rcc.o
 .ARM.attributes
                0x0000021e       0x39 Drivers/STM32F4xx_HAL_Driver/Src/stm32f4xx_hal_uart.o
 .ARM.attributes
                0x00000257       0x39 Drivers/STM32F4xx_HAL_Driver/Src/stm32f4xx_ll_usb.o
 .ARM.attributes
                0x00000290       0x39 Middlewares/ST/STM32_USB_Device_Library/Class/MSC/Src/usbd_msc.o
 .ARM.attributes
                0x000002c9       0x39 Middlewares/ST/STM32_USB_Device_Library/Class/MSC/Src/usbd_msc_bot.o
 .ARM.attributes
                0x00000302       0x39 Middlewares/ST/STM32_USB_Device_Library/Class/MSC/Src/usbd_msc_data.o
 .ARM.attributes
                0x0000033b       0x39 Middlewares/ST/STM32_USB_Device_Library/Class/MSC/Src/usbd_msc_scsi.o
 .ARM.attributes
                0x00000374       0x39 Middlewares/ST/STM32_USB_Device_Library/Core/Src/usbd_core.o
 .ARM.attributes
                0x000003ad       0x39 Middlewares/ST/STM32_USB_Device_Library/Core/Src/usbd_ctlreq.o
 .ARM.attributes
                0x000003e6       0x39 Middlewares/ST/STM32_USB_Device_Library/Core/Src/usbd_ioreq.o
 .ARM.attributes
                0x0000041f       0x39 Middlewares/Third_Party/FatFs/src/diskio.o
 .ARM.attributes
                0x00000458       0x39 Middlewares/Third_Party/FatFs/src/ff.o
 .ARM.attributes
                0x00000491       0x39 Middlewares/Third_Party/FatFs/src/ff_gen_drv.o
 .ARM.attributes
                0x000004ca       0x39 Src/fatfs.o
 .ARM.attributes
                0x00000503       0x39 Src/main.o
 .ARM.attributes
                0x0000053c       0x39 Src/stm32f4xx_hal_msp.o
 .ARM.attributes
                0x00000575       0x39 Src/stm32f4xx_it.o
 .ARM.attributes
                0x000005ae       0x39 Src/syscalls.o
 .ARM.attributes
                0x000005e7       0x39 Src/system_stm32f4xx.o
 .ARM.attributes
                0x00000620       0x39 Src/usb_device.o
 .ARM.attributes
                0x00000659       0x39 Src/usbd_conf.o
 .ARM.attributes
                0x00000692       0x39 Src/usbd_desc.o
 .ARM.attributes
                0x000006cb       0x39 Src/usbd_storage_if.o
 .ARM.attributes
                0x00000704       0x39 Src/user_diskio.o
 .ARM.attributes
                0x0000073d       0x21 startup/startup_stm32f407xx.o
 .ARM.attributes
                0x0000075e       0x22 c:/ac6/systemworkbench/plugins/fr.ac6.mcu.externaltools.arm-none.win32_1.17.0.201812190825/tools/compiler/bin/../lib/gcc/arm-none-eabi/7.3.1/thumb/v7e-m/fpv4-sp/hard\libgcc.a(_aeabi_uldivmod.o)
 .ARM.attributes
                0x00000780       0x34 c:/ac6/systemworkbench/plugins/fr.ac6.mcu.externaltools.arm-none.win32_1.17.0.201812190825/tools/compiler/bin/../lib/gcc/arm-none-eabi/7.3.1/thumb/v7e-m/fpv4-sp/hard\libgcc.a(_udivmoddi4.o)
 .ARM.attributes
                0x000007b4       0x22 c:/ac6/systemworkbench/plugins/fr.ac6.mcu.externaltools.arm-none.win32_1.17.0.201812190825/tools/compiler/bin/../lib/gcc/arm-none-eabi/7.3.1/thumb/v7e-m/fpv4-sp/hard\libgcc.a(_dvmd_tls.o)
 .ARM.attributes
                0x000007d6       0x34 c:/ac6/systemworkbench/plugins/fr.ac6.mcu.externaltools.arm-none.win32_1.17.0.201812190825/tools/compiler/bin/../lib/gcc/arm-none-eabi/7.3.1/../../../../arm-none-eabi/lib/thumb/v7e-m/fpv4-sp/hard\libc_nano.a(lib_a-errno.o)
 .ARM.attributes
                0x0000080a       0x34 c:/ac6/systemworkbench/plugins/fr.ac6.mcu.externaltools.arm-none.win32_1.17.0.201812190825/tools/compiler/bin/../lib/gcc/arm-none-eabi/7.3.1/../../../../arm-none-eabi/lib/thumb/v7e-m/fpv4-sp/hard\libc_nano.a(lib_a-impure.o)
 .ARM.attributes
                0x0000083e       0x34 c:/ac6/systemworkbench/plugins/fr.ac6.mcu.externaltools.arm-none.win32_1.17.0.201812190825/tools/compiler/bin/../lib/gcc/arm-none-eabi/7.3.1/../../../../arm-none-eabi/lib/thumb/v7e-m/fpv4-sp/hard\libc_nano.a(lib_a-init.o)
 .ARM.attributes
                0x00000872       0x34 c:/ac6/systemworkbench/plugins/fr.ac6.mcu.externaltools.arm-none.win32_1.17.0.201812190825/tools/compiler/bin/../lib/gcc/arm-none-eabi/7.3.1/../../../../arm-none-eabi/lib/thumb/v7e-m/fpv4-sp/hard\libc_nano.a(lib_a-malloc.o)
 .ARM.attributes
                0x000008a6       0x34 c:/ac6/systemworkbench/plugins/fr.ac6.mcu.externaltools.arm-none.win32_1.17.0.201812190825/tools/compiler/bin/../lib/gcc/arm-none-eabi/7.3.1/../../../../arm-none-eabi/lib/thumb/v7e-m/fpv4-sp/hard\libc_nano.a(lib_a-memset.o)
 .ARM.attributes
                0x000008da       0x34 c:/ac6/systemworkbench/plugins/fr.ac6.mcu.externaltools.arm-none.win32_1.17.0.201812190825/tools/compiler/bin/../lib/gcc/arm-none-eabi/7.3.1/../../../../arm-none-eabi/lib/thumb/v7e-m/fpv4-sp/hard\libc_nano.a(lib_a-nano-freer.o)
 .ARM.attributes
                0x0000090e       0x34 c:/ac6/systemworkbench/plugins/fr.ac6.mcu.externaltools.arm-none.win32_1.17.0.201812190825/tools/compiler/bin/../lib/gcc/arm-none-eabi/7.3.1/../../../../arm-none-eabi/lib/thumb/v7e-m/fpv4-sp/hard\libc_nano.a(lib_a-nano-mallocr.o)
 .ARM.attributes
                0x00000942       0x34 c:/ac6/systemworkbench/plugins/fr.ac6.mcu.externaltools.arm-none.win32_1.17.0.201812190825/tools/compiler/bin/../lib/gcc/arm-none-eabi/7.3.1/../../../../arm-none-eabi/lib/thumb/v7e-m/fpv4-sp/hard\libc_nano.a(lib_a-sbrkr.o)
 .ARM.attributes
                0x00000976       0x1b c:/ac6/systemworkbench/plugins/fr.ac6.mcu.externaltools.arm-none.win32_1.17.0.201812190825/tools/compiler/bin/../lib/gcc/arm-none-eabi/7.3.1/../../../../arm-none-eabi/lib/thumb/v7e-m/fpv4-sp/hard\libc_nano.a(lib_a-strlen.o)
 .ARM.attributes
                0x00000991       0x34 c:/ac6/systemworkbench/plugins/fr.ac6.mcu.externaltools.arm-none.win32_1.17.0.201812190825/tools/compiler/bin/../lib/gcc/arm-none-eabi/7.3.1/../../../../arm-none-eabi/lib/thumb/v7e-m/fpv4-sp/hard\libc_nano.a(lib_a-vsnprintf.o)
 .ARM.attributes
                0x000009c5       0x34 c:/ac6/systemworkbench/plugins/fr.ac6.mcu.externaltools.arm-none.win32_1.17.0.201812190825/tools/compiler/bin/../lib/gcc/arm-none-eabi/7.3.1/../../../../arm-none-eabi/lib/thumb/v7e-m/fpv4-sp/hard\libc_nano.a(lib_a-mlock.o)
 .ARM.attributes
                0x000009f9       0x34 c:/ac6/systemworkbench/plugins/fr.ac6.mcu.externaltools.arm-none.win32_1.17.0.201812190825/tools/compiler/bin/../lib/gcc/arm-none-eabi/7.3.1/../../../../arm-none-eabi/lib/thumb/v7e-m/fpv4-sp/hard\libc_nano.a(lib_a-nano-svfprintf.o)
 .ARM.attributes
                0x00000a2d       0x34 c:/ac6/systemworkbench/plugins/fr.ac6.mcu.externaltools.arm-none.win32_1.17.0.201812190825/tools/compiler/bin/../lib/gcc/arm-none-eabi/7.3.1/../../../../arm-none-eabi/lib/thumb/v7e-m/fpv4-sp/hard\libc_nano.a(lib_a-nano-vfprintf_i.o)
 .ARM.attributes
                0x00000a61       0x34 c:/ac6/systemworkbench/plugins/fr.ac6.mcu.externaltools.arm-none.win32_1.17.0.201812190825/tools/compiler/bin/../lib/gcc/arm-none-eabi/7.3.1/../../../../arm-none-eabi/lib/thumb/v7e-m/fpv4-sp/hard\libc_nano.a(lib_a-reent.o)
 .ARM.attributes
                0x00000a95       0x20 c:/ac6/systemworkbench/plugins/fr.ac6.mcu.externaltools.arm-none.win32_1.17.0.201812190825/tools/compiler/bin/../lib/gcc/arm-none-eabi/7.3.1/../../../../arm-none-eabi/lib/thumb/v7e-m/fpv4-sp/hard\libc_nano.a(lib_a-memchr.o)
 .ARM.attributes
                0x00000ab5       0x34 c:/ac6/systemworkbench/plugins/fr.ac6.mcu.externaltools.arm-none.win32_1.17.0.201812190825/tools/compiler/bin/../lib/gcc/arm-none-eabi/7.3.1/../../../../arm-none-eabi/lib/thumb/v7e-m/fpv4-sp/hard\libc_nano.a(lib_a-memcpy-stub.o)
 .ARM.attributes
                0x00000ae9       0x34 c:/ac6/systemworkbench/plugins/fr.ac6.mcu.externaltools.arm-none.win32_1.17.0.201812190825/tools/compiler/bin/../lib/gcc/arm-none-eabi/7.3.1/../../../../arm-none-eabi/lib/thumb/v7e-m/fpv4-sp/hard\libc_nano.a(lib_a-memmove.o)
 .ARM.attributes
                0x00000b1d       0x34 c:/ac6/systemworkbench/plugins/fr.ac6.mcu.externaltools.arm-none.win32_1.17.0.201812190825/tools/compiler/bin/../lib/gcc/arm-none-eabi/7.3.1/../../../../arm-none-eabi/lib/thumb/v7e-m/fpv4-sp/hard\libc_nano.a(lib_a-nano-reallocr.o)
 .ARM.attributes
                0x00000b51       0x34 c:/ac6/systemworkbench/plugins/fr.ac6.mcu.externaltools.arm-none.win32_1.17.0.201812190825/tools/compiler/bin/../lib/gcc/arm-none-eabi/7.3.1/../../../../arm-none-eabi/lib/thumb/v7e-m/fpv4-sp/hard\libc_nano.a(lib_a-nano-msizer.o)
 .ARM.attributes
                0x00000b85       0x22 c:/ac6/systemworkbench/plugins/fr.ac6.mcu.externaltools.arm-none.win32_1.17.0.201812190825/tools/compiler/bin/../lib/gcc/arm-none-eabi/7.3.1/thumb/v7e-m/fpv4-sp/hard/crtn.o
OUTPUT(STM32_USB_EXAMPLE.elf elf32-littlearm)

.debug_info     0x00000000    0x23c40
 .debug_info    0x00000000      0x9f1 Drivers/STM32F4xx_HAL_Driver/Src/stm32f4xx_hal.o
 .debug_info    0x000009f1      0xf8c Drivers/STM32F4xx_HAL_Driver/Src/stm32f4xx_hal_cortex.o
 .debug_info    0x0000197d      0x7a7 Drivers/STM32F4xx_HAL_Driver/Src/stm32f4xx_hal_flash.o
 .debug_info    0x00002124      0x850 Drivers/STM32F4xx_HAL_Driver/Src/stm32f4xx_hal_flash_ex.o
 .debug_info    0x00002974      0x7c2 Drivers/STM32F4xx_HAL_Driver/Src/stm32f4xx_hal_gpio.o
 .debug_info    0x00003136     0x184b Drivers/STM32F4xx_HAL_Driver/Src/stm32f4xx_hal_pcd.o
 .debug_info    0x00004981      0x752 Drivers/STM32F4xx_HAL_Driver/Src/stm32f4xx_hal_pcd_ex.o
 .debug_info    0x000050d3      0xa94 Drivers/STM32F4xx_HAL_Driver/Src/stm32f4xx_hal_rcc.o
 .debug_info    0x00005b67     0x171d Drivers/STM32F4xx_HAL_Driver/Src/stm32f4xx_hal_uart.o
 .debug_info    0x00007284     0x1b51 Drivers/STM32F4xx_HAL_Driver/Src/stm32f4xx_ll_usb.o
 .debug_info    0x00008dd5     0x16ee Middlewares/ST/STM32_USB_Device_Library/Class/MSC/Src/usbd_msc.o
 .debug_info    0x0000a4c3     0x16e4 Middlewares/ST/STM32_USB_Device_Library/Class/MSC/Src/usbd_msc_bot.o
 .debug_info    0x0000bba7      0xa36 Middlewares/ST/STM32_USB_Device_Library/Class/MSC/Src/usbd_msc_data.o
 .debug_info    0x0000c5dd     0x20f8 Middlewares/ST/STM32_USB_Device_Library/Class/MSC/Src/usbd_msc_scsi.o
 .debug_info    0x0000e6d5     0x15f5 Middlewares/ST/STM32_USB_Device_Library/Core/Src/usbd_core.o
 .debug_info    0x0000fcca     0x1a89 Middlewares/ST/STM32_USB_Device_Library/Core/Src/usbd_ctlreq.o
 .debug_info    0x00011753     0x10ae Middlewares/ST/STM32_USB_Device_Library/Core/Src/usbd_ioreq.o
 .debug_info    0x00012801      0xd42 Middlewares/Third_Party/FatFs/src/diskio.o
 .debug_info    0x00013543     0x470b Middlewares/Third_Party/FatFs/src/ff.o
 .debug_info    0x00017c4e      0xcc1 Middlewares/Third_Party/FatFs/src/ff_gen_drv.o
 .debug_info    0x0001890f      0xdc0 Src/fatfs.o
 .debug_info    0x000196cf     0x1cd1 Src/main.o
 .debug_info    0x0001b3a0      0x992 Src/stm32f4xx_hal_msp.o
 .debug_info    0x0001bd32      0x6a8 Src/stm32f4xx_it.o
 .debug_info    0x0001c3da      0xfd3 Src/syscalls.o
 .debug_info    0x0001d3ad      0x559 Src/system_stm32f4xx.o
 .debug_info    0x0001d906      0xff6 Src/usb_device.o
 .debug_info    0x0001e8fc     0x24b0 Src/usbd_conf.o
 .debug_info    0x00020dac      0xe70 Src/usbd_desc.o
 .debug_info    0x00021c1c     0x13c0 Src/usbd_storage_if.o
 .debug_info    0x00022fdc      0xc42 Src/user_diskio.o
 .debug_info    0x00023c1e       0x22 startup/startup_stm32f407xx.o

.debug_abbrev   0x00000000     0x4d9b
 .debug_abbrev  0x00000000      0x1ed Drivers/STM32F4xx_HAL_Driver/Src/stm32f4xx_hal.o
 .debug_abbrev  0x000001ed      0x328 Drivers/STM32F4xx_HAL_Driver/Src/stm32f4xx_hal_cortex.o
 .debug_abbrev  0x00000515      0x267 Drivers/STM32F4xx_HAL_Driver/Src/stm32f4xx_hal_flash.o
 .debug_abbrev  0x0000077c      0x24a Drivers/STM32F4xx_HAL_Driver/Src/stm32f4xx_hal_flash_ex.o
 .debug_abbrev  0x000009c6      0x1e7 Drivers/STM32F4xx_HAL_Driver/Src/stm32f4xx_hal_gpio.o
 .debug_abbrev  0x00000bad      0x294 Drivers/STM32F4xx_HAL_Driver/Src/stm32f4xx_hal_pcd.o
 .debug_abbrev  0x00000e41      0x1de Drivers/STM32F4xx_HAL_Driver/Src/stm32f4xx_hal_pcd_ex.o
 .debug_abbrev  0x0000101f      0x273 Drivers/STM32F4xx_HAL_Driver/Src/stm32f4xx_hal_rcc.o
 .debug_abbrev  0x00001292      0x288 Drivers/STM32F4xx_HAL_Driver/Src/stm32f4xx_hal_uart.o
 .debug_abbrev  0x0000151a      0x2a8 Drivers/STM32F4xx_HAL_Driver/Src/stm32f4xx_ll_usb.o
 .debug_abbrev  0x000017c2      0x2ee Middlewares/ST/STM32_USB_Device_Library/Class/MSC/Src/usbd_msc.o
 .debug_abbrev  0x00001ab0      0x324 Middlewares/ST/STM32_USB_Device_Library/Class/MSC/Src/usbd_msc_bot.o
 .debug_abbrev  0x00001dd4      0x1bc Middlewares/ST/STM32_USB_Device_Library/Class/MSC/Src/usbd_msc_data.o
 .debug_abbrev  0x00001f90      0x374 Middlewares/ST/STM32_USB_Device_Library/Class/MSC/Src/usbd_msc_scsi.o
 .debug_abbrev  0x00002304      0x2b9 Middlewares/ST/STM32_USB_Device_Library/Core/Src/usbd_core.o
 .debug_abbrev  0x000025bd      0x39a Middlewares/ST/STM32_USB_Device_Library/Core/Src/usbd_ctlreq.o
 .debug_abbrev  0x00002957      0x224 Middlewares/ST/STM32_USB_Device_Library/Core/Src/usbd_ioreq.o
 .debug_abbrev  0x00002b7b      0x282 Middlewares/Third_Party/FatFs/src/diskio.o
 .debug_abbrev  0x00002dfd      0x31e Middlewares/Third_Party/FatFs/src/ff.o
 .debug_abbrev  0x0000311b      0x276 Middlewares/Third_Party/FatFs/src/ff_gen_drv.o
 .debug_abbrev  0x00003391      0x23f Src/fatfs.o
 .debug_abbrev  0x000035d0      0x389 Src/main.o
 .debug_abbrev  0x00003959      0x19c Src/stm32f4xx_hal_msp.o
 .debug_abbrev  0x00003af5      0x193 Src/stm32f4xx_it.o
 .debug_abbrev  0x00003c88      0x2d4 Src/syscalls.o
 .debug_abbrev  0x00003f5c      0x12b Src/system_stm32f4xx.o
 .debug_abbrev  0x00004087      0x22b Src/usb_device.o
 .debug_abbrev  0x000042b2      0x2ed Src/usbd_conf.o
 .debug_abbrev  0x0000459f      0x2ab Src/usbd_desc.o
 .debug_abbrev  0x0000484a      0x2fa Src/usbd_storage_if.o
 .debug_abbrev  0x00004b44      0x245 Src/user_diskio.o
 .debug_abbrev  0x00004d89       0x12 startup/startup_stm32f407xx.o

.debug_loc      0x00000000     0xfc99
 .debug_loc     0x00000000      0x11b Drivers/STM32F4xx_HAL_Driver/Src/stm32f4xx_hal.o
 .debug_loc     0x0000011b      0x5ce Drivers/STM32F4xx_HAL_Driver/Src/stm32f4xx_hal_cortex.o
 .debug_loc     0x000006e9      0x357 Drivers/STM32F4xx_HAL_Driver/Src/stm32f4xx_hal_flash.o
 .debug_loc     0x00000a40      0x50c Drivers/STM32F4xx_HAL_Driver/Src/stm32f4xx_hal_flash_ex.o
 .debug_loc     0x00000f4c      0x476 Drivers/STM32F4xx_HAL_Driver/Src/stm32f4xx_hal_gpio.o
 .debug_loc     0x000013c2      0xf20 Drivers/STM32F4xx_HAL_Driver/Src/stm32f4xx_hal_pcd.o
 .debug_loc     0x000022e2       0xab Drivers/STM32F4xx_HAL_Driver/Src/stm32f4xx_hal_pcd_ex.o
 .debug_loc     0x0000238d      0x40f Drivers/STM32F4xx_HAL_Driver/Src/stm32f4xx_hal_rcc.o
 .debug_loc     0x0000279c     0x1599 Drivers/STM32F4xx_HAL_Driver/Src/stm32f4xx_hal_uart.o
 .debug_loc     0x00003d35     0x1eca Drivers/STM32F4xx_HAL_Driver/Src/stm32f4xx_ll_usb.o
 .debug_loc     0x00005bff      0x564 Middlewares/ST/STM32_USB_Device_Library/Class/MSC/Src/usbd_msc.o
 .debug_loc     0x00006163      0x400 Middlewares/ST/STM32_USB_Device_Library/Class/MSC/Src/usbd_msc_bot.o
 .debug_loc     0x00006563     0x1695 Middlewares/ST/STM32_USB_Device_Library/Class/MSC/Src/usbd_msc_scsi.o
 .debug_loc     0x00007bf8      0x80a Middlewares/ST/STM32_USB_Device_Library/Core/Src/usbd_core.o
 .debug_loc     0x00008402     0x12ca Middlewares/ST/STM32_USB_Device_Library/Core/Src/usbd_ctlreq.o
 .debug_loc     0x000096cc      0x268 Middlewares/ST/STM32_USB_Device_Library/Core/Src/usbd_ioreq.o
 .debug_loc     0x00009934      0x1f1 Middlewares/Third_Party/FatFs/src/diskio.o
 .debug_loc     0x00009b25     0x46ac Middlewares/Third_Party/FatFs/src/ff.o
 .debug_loc     0x0000e1d1      0x24a Middlewares/Third_Party/FatFs/src/ff_gen_drv.o
 .debug_loc     0x0000e41b       0x73 Src/main.o
 .debug_loc     0x0000e48e       0x74 Src/stm32f4xx_hal_msp.o
 .debug_loc     0x0000e502      0x3af Src/syscalls.o
 .debug_loc     0x0000e8b1      0x13e Src/system_stm32f4xx.o
 .debug_loc     0x0000e9ef      0xaa6 Src/usbd_conf.o
 .debug_loc     0x0000f495      0x30e Src/usbd_desc.o
 .debug_loc     0x0000f7a3      0x451 Src/usbd_storage_if.o
 .debug_loc     0x0000fbf4       0xa5 Src/user_diskio.o

.debug_aranges  0x00000000     0x1278
 .debug_aranges
                0x00000000       0xf0 Drivers/STM32F4xx_HAL_Driver/Src/stm32f4xx_hal.o
 .debug_aranges
                0x000000f0       0xa8 Drivers/STM32F4xx_HAL_Driver/Src/stm32f4xx_hal_cortex.o
 .debug_aranges
                0x00000198       0xa0 Drivers/STM32F4xx_HAL_Driver/Src/stm32f4xx_hal_flash.o
 .debug_aranges
                0x00000238       0x98 Drivers/STM32F4xx_HAL_Driver/Src/stm32f4xx_hal_flash_ex.o
 .debug_aranges
                0x000002d0       0x58 Drivers/STM32F4xx_HAL_Driver/Src/stm32f4xx_hal_gpio.o
 .debug_aranges
                0x00000328      0x138 Drivers/STM32F4xx_HAL_Driver/Src/stm32f4xx_hal_pcd.o
 .debug_aranges
                0x00000460       0x38 Drivers/STM32F4xx_HAL_Driver/Src/stm32f4xx_hal_pcd_ex.o
 .debug_aranges
                0x00000498       0x88 Drivers/STM32F4xx_HAL_Driver/Src/stm32f4xx_hal_rcc.o
 .debug_aranges
                0x00000520      0x1d0 Drivers/STM32F4xx_HAL_Driver/Src/stm32f4xx_hal_uart.o
 .debug_aranges
                0x000006f0      0x198 Drivers/STM32F4xx_HAL_Driver/Src/stm32f4xx_ll_usb.o
 .debug_aranges
                0x00000888       0x68 Middlewares/ST/STM32_USB_Device_Library/Class/MSC/Src/usbd_msc.o
 .debug_aranges
                0x000008f0       0x68 Middlewares/ST/STM32_USB_Device_Library/Class/MSC/Src/usbd_msc_bot.o
 .debug_aranges
                0x00000958       0x18 Middlewares/ST/STM32_USB_Device_Library/Class/MSC/Src/usbd_msc_data.o
 .debug_aranges
                0x00000970       0xc0 Middlewares/ST/STM32_USB_Device_Library/Class/MSC/Src/usbd_msc_scsi.o
 .debug_aranges
                0x00000a30       0xb8 Middlewares/ST/STM32_USB_Device_Library/Core/Src/usbd_core.o
 .debug_aranges
                0x00000ae8       0x88 Middlewares/ST/STM32_USB_Device_Library/Core/Src/usbd_ctlreq.o
 .debug_aranges
                0x00000b70       0x50 Middlewares/ST/STM32_USB_Device_Library/Core/Src/usbd_ioreq.o
 .debug_aranges
                0x00000bc0       0x48 Middlewares/Third_Party/FatFs/src/diskio.o
 .debug_aranges
                0x00000c08      0x208 Middlewares/Third_Party/FatFs/src/ff.o
 .debug_aranges
                0x00000e10       0x40 Middlewares/Third_Party/FatFs/src/ff_gen_drv.o
 .debug_aranges
                0x00000e50       0x28 Src/fatfs.o
 .debug_aranges
                0x00000e78       0x48 Src/main.o
 .debug_aranges
                0x00000ec0       0x30 Src/stm32f4xx_hal_msp.o
 .debug_aranges
                0x00000ef0       0x68 Src/stm32f4xx_it.o
 .debug_aranges
                0x00000f58       0xb0 Src/syscalls.o
 .debug_aranges
                0x00001008       0x28 Src/system_stm32f4xx.o
 .debug_aranges
                0x00001030       0x20 Src/usb_device.o
 .debug_aranges
                0x00001050      0x100 Src/usbd_conf.o
 .debug_aranges
                0x00001150       0x60 Src/usbd_desc.o
 .debug_aranges
                0x000011b0       0x60 Src/usbd_storage_if.o
 .debug_aranges
                0x00001210       0x40 Src/user_diskio.o
 .debug_aranges
                0x00001250       0x28 startup/startup_stm32f407xx.o

.debug_ranges   0x00000000     0x10f0
 .debug_ranges  0x00000000       0xe0 Drivers/STM32F4xx_HAL_Driver/Src/stm32f4xx_hal.o
 .debug_ranges  0x000000e0       0xf8 Drivers/STM32F4xx_HAL_Driver/Src/stm32f4xx_hal_cortex.o
 .debug_ranges  0x000001d8       0x90 Drivers/STM32F4xx_HAL_Driver/Src/stm32f4xx_hal_flash.o
 .debug_ranges  0x00000268       0x88 Drivers/STM32F4xx_HAL_Driver/Src/stm32f4xx_hal_flash_ex.o
 .debug_ranges  0x000002f0       0x48 Drivers/STM32F4xx_HAL_Driver/Src/stm32f4xx_hal_gpio.o
 .debug_ranges  0x00000338      0x128 Drivers/STM32F4xx_HAL_Driver/Src/stm32f4xx_hal_pcd.o
 .debug_ranges  0x00000460       0x28 Drivers/STM32F4xx_HAL_Driver/Src/stm32f4xx_hal_pcd_ex.o
 .debug_ranges  0x00000488       0x90 Drivers/STM32F4xx_HAL_Driver/Src/stm32f4xx_hal_rcc.o
 .debug_ranges  0x00000518      0x1c0 Drivers/STM32F4xx_HAL_Driver/Src/stm32f4xx_hal_uart.o
 .debug_ranges  0x000006d8      0x188 Drivers/STM32F4xx_HAL_Driver/Src/stm32f4xx_ll_usb.o
 .debug_ranges  0x00000860       0x58 Middlewares/ST/STM32_USB_Device_Library/Class/MSC/Src/usbd_msc.o
 .debug_ranges  0x000008b8       0x58 Middlewares/ST/STM32_USB_Device_Library/Class/MSC/Src/usbd_msc_bot.o